Component: ARM Compiler 5.05 update 1 (build 106) Tool: armlink [4d0efa]

==============================================================================

Section Cross References

    main.o(.text) refers to _printf_percent.o(.ARM.Collect$$_printf_percent$$00000000) for _printf_percent
    main.o(.text) refers to _printf_f.o(.ARM.Collect$$_printf_percent$$00000003) for _printf_f
    main.o(.text) refers to printf1.o(x$fpl$printf1) for _printf_fp_dec
    main.o(.text) refers to rt_memclr_w.o(.text) for __aeabi_memclr4
    main.o(.text) refers to delay.o(.text) for delay_init
    main.o(.text) refers to misc.o(.text) for NVIC_PriorityGroupConfig
    main.o(.text) refers to stm32f10x_rcc.o(.text) for RCC_APB2PeriphClockCmd
    main.o(.text) refers to stm32f10x_gpio.o(.text) for GPIO_PinRemapConfig
    main.o(.text) refers to usart.o(.text) for uart_init
    main.o(.text) refers to led.o(.text) for LED_Init
    main.o(.text) refers to oeld.o(.text) for OLED_Init
    main.o(.text) refers to key.o(.text) for KEY_Init
    main.o(.text) refers to ds18b20.o(.text) for DS18B20_Init
    main.o(.text) refers to exti.o(.text) for EXTIX_Init
    main.o(.text) refers to timer.o(.text) for TIM4_Int_Init
    main.o(.text) refers to dflt_clz.o(x$fpl$dflt) for __aeabi_i2d
    main.o(.text) refers to ddiv.o(x$fpl$ddiv) for __aeabi_ddiv
    main.o(.text) refers to noretval__2sprintf.o(.text) for __2sprintf
    main.o(.text) refers to pid.o(.text) for Regulate_Temperature
    main.o(.text) refers to dmul.o(x$fpl$dmul) for __aeabi_dmul
    main.o(.text) refers to pid.o(.data) for kp
    main.o(.text) refers to ds18b20.o(.data) for temperature
    system_stm32f10x.o(.text) refers to system_stm32f10x.o(.data) for SystemCoreClock
    led.o(.text) refers to stm32f10x_rcc.o(.text) for RCC_APB2PeriphClockCmd
    led.o(.text) refers to stm32f10x_gpio.o(.text) for GPIO_Init
    ds18b20.o(.text) refers to delay.o(.text) for delay_us
    ds18b20.o(.text) refers to stm32f10x_rcc.o(.text) for RCC_APB2PeriphClockCmd
    ds18b20.o(.text) refers to stm32f10x_gpio.o(.text) for GPIO_Init
    ds18b20.o(.text) refers to fflt_clz.o(x$fpl$fflt) for __aeabi_i2f
    ds18b20.o(.text) refers to f2d.o(x$fpl$f2d) for __aeabi_f2d
    ds18b20.o(.text) refers to dmul.o(x$fpl$dmul) for __aeabi_dmul
    ds18b20.o(.text) refers to dfix.o(x$fpl$dfix) for __aeabi_d2iz
    exti.o(.text) refers to stm32f10x_rcc.o(.text) for RCC_APB2PeriphClockCmd
    exti.o(.text) refers to stm32f10x_gpio.o(.text) for GPIO_Init
    exti.o(.text) refers to stm32f10x_exti.o(.text) for EXTI_Init
    exti.o(.text) refers to misc.o(.text) for NVIC_Init
    exti.o(.text) refers to stm32f10x_tim.o(.text) for TIM_SetCounter
    exti.o(.text) refers to pid.o(.data) for Temp_Out
    oeld.o(.text) refers to stm32f10x_gpio.o(.text) for GPIO_SetBits
    oeld.o(.text) refers to stm32f10x_rcc.o(.text) for RCC_APB2PeriphClockCmd
    oeld.o(.text) refers to delay.o(.text) for delay_ms
    oeld.o(.text) refers to oeld.o(.constdata) for F8X16
    oeld.o(.text) refers to oeld.o(.data) for F16x16
    beep.o(.text) refers to stm32f10x_rcc.o(.text) for RCC_APB2PeriphClockCmd
    beep.o(.text) refers to stm32f10x_gpio.o(.text) for GPIO_Init
    timer.o(.text) refers to stm32f10x_rcc.o(.text) for RCC_APB1PeriphClockCmd
    timer.o(.text) refers to stm32f10x_tim.o(.text) for TIM_TimeBaseInit
    timer.o(.text) refers to misc.o(.text) for NVIC_Init
    pid.o(.text) refers to rt_memclr_w.o(.text) for __aeabi_memclr4
    pid.o(.text) refers to fflt_clz.o(x$fpl$fflt) for __aeabi_i2f
    pid.o(.text) refers to fmul.o(x$fpl$fmul) for __aeabi_fmul
    pid.o(.text) refers to faddsub_clz.o(x$fpl$fadd) for __aeabi_fadd
    pid.o(.text) refers to fdiv.o(x$fpl$fdiv) for __aeabi_fdiv
    pid.o(.text) refers to ffix.o(x$fpl$ffix) for __aeabi_f2iz
    pid.o(.text) refers to pid.o(.data) for Temp_Integral
    key.o(.text) refers to stm32f10x_rcc.o(.text) for RCC_APB2PeriphClockCmd
    key.o(.text) refers to stm32f10x_gpio.o(.text) for GPIO_Init
    key.o(.text) refers to delay.o(.text) for delay_ms
    key.o(.text) refers to key.o(.data) for key_up
    delay.o(.text) refers to misc.o(.text) for SysTick_CLKSourceConfig
    delay.o(.text) refers to system_stm32f10x.o(.data) for SystemCoreClock
    delay.o(.text) refers to delay.o(.data) for fac_us
    usart.o(.text) refers (Special) to use_no_semi_2.o(.text) for __use_no_semihosting
    usart.o(.text) refers to stm32f10x_rcc.o(.text) for RCC_APB2PeriphClockCmd
    usart.o(.text) refers to stm32f10x_gpio.o(.text) for GPIO_Init
    usart.o(.text) refers to misc.o(.text) for NVIC_Init
    usart.o(.text) refers to stm32f10x_usart.o(.text) for USART_Init
    usart.o(.text) refers to usart.o(.data) for USART_RX_STA
    usart.o(.text) refers to usart.o(.bss) for USART_RX_BUF
    usart.o(.bss) refers (Special) to use_no_semi_2.o(.text) for __use_no_semihosting
    usart.o(.data) refers (Special) to use_no_semi_2.o(.text) for __use_no_semihosting
[...]
    ../clib/angel/kernel.s                   0x00000000   Number         0  rtexit.o ABSOLUTE
    ../clib/angel/kernel.s                   0x00000000   Number         0  __rtentry4.o ABSOLUTE
    ../clib/angel/kernel.s                   0x00000000   Number         0  __rtentry2.o ABSOLUTE
    ../clib/angel/kernel.s                   0x00000000   Number         0  __rtentry.o ABSOLUTE
    ../clib/angel/rt.s                       0x00000000   Number         0  rt_locale_intlibspace.o ABSOLUTE
    ../clib/angel/rt.s                       0x00000000   Number         0  rt_locale.o ABSOLUTE
    ../clib/angel/rt.s                       0x00000000   Number         0  rt_raise.o ABSOLUTE
    ../clib/angel/scatter.s                  0x00000000   Number         0  __scatter.o ABSOLUTE
    ../clib/angel/startup.s                  0x00000000   Number         0  __main.o ABSOLUTE
    ../clib/angel/sys.s                      0x00000000   Number         0  libspace.o ABSOLUTE
    ../clib/angel/sys.s                      0x00000000   Number         0  indicate_semi.o ABSOLUTE
    ../clib/angel/sys.s                      0x00000000   Number         0  sys_stackheap_outer.o ABSOLUTE
    ../clib/angel/sys.s                      0x00000000   Number         0  use_no_semi.o ABSOLUTE
    ../clib/angel/sys.s                      0x00000000   Number         0  use_no_semi_2.o ABSOLUTE
    ../clib/angel/sysapp.c                   0x00000000   Number         0  sys_command.o ABSOLUTE
    ../clib/angel/sysapp.c                   0x00000000   Number         0  sys_wrch.o ABSOLUTE
    ../clib/armsys.c                         0x00000000   Number         0  no_argv.o ABSOLUTE
    ../clib/armsys.c                         0x00000000   Number         0  _get_argv_nomalloc.o ABSOLUTE
    ../clib/armsys.c                         0x00000000   Number         0  argv_veneer.o ABSOLUTE
    ../clib/armsys.c                         0x00000000   Number         0  argv_veneer.o ABSOLUTE
    ../clib/bigflt.c                         0x00000000   Number         0  bigflt0.o ABSOLUTE
    ../clib/btod.s                           0x00000000   Number         0  btod.o ABSOLUTE
    ../clib/heapalloc.c                      0x00000000   Number         0  hrguard.o ABSOLUTE
    ../clib/heapaux.c                        0x00000000   Number         0  heapauxi.o ABSOLUTE
    ../clib/libinit.s                        0x00000000   Number         0  libshutdown.o ABSOLUTE
    ../clib/libinit.s                        0x00000000   Number         0  libshutdown2.o ABSOLUTE
    ../clib/libinit.s                        0x00000000   Number         0  libinit.o ABSOLUTE
    ../clib/libinit.s                        0x00000000   Number         0  libinit2.o ABSOLUTE
    ../clib/locale.s                         0x00000000   Number         0  lc_numeric_c.o ABSOLUTE
    ../clib/longlong.s                       0x00000000   Number         0  lludiv10.o ABSOLUTE
    ../clib/memcpset.s                       0x00000000   Number         0  strcmpv7m.o ABSOLUTE
    ../clib/memcpset.s                       0x00000000   Number         0  rt_memclr_w.o ABSOLUTE
    ../clib/misc.s                           0x00000000   Number         0  printf_stubs.o ABSOLUTE
    ../clib/printf.c                         0x00000000   Number         0  __2sprintf.o ABSOLUTE
    ../clib/printf.c                         0x00000000   Number         0  _printf_fp_dec.o ABSOLUTE
    ../clib/printf.c                         0x00000000   Number         0  _sputc.o ABSOLUTE
    ../clib/printf.c                         0x00000000   Number         0  _printf_fp_infnan.o ABSOLUTE
    ../clib/printf.c                         0x00000000   Number         0  __printf_nopercent.o ABSOLUTE
    ../clib/printf.c                         0x00000000   Number         0  __printf_wp.o ABSOLUTE
    ../clib/printf.c                         0x00000000   Number         0  noretval__2sprintf.o ABSOLUTE
    ../clib/printf.c                         0x00000000   Number         0  __printf_flags_wp.o ABSOLUTE
    ../clib/printf.c                         0x00000000   Number         0  __printf_ss_wp.o ABSOLUTE
    ../clib/printf.c                         0x00000000   Number         0  __printf_flags_ss_wp.o ABSOLUTE
    ../clib/printf.c                         0x00000000   Number         0  __printf_flags_ss.o ABSOLUTE
    ../clib/printf.c                         0x00000000   Number         0  __printf_flags.o ABSOLUTE
    ../clib/printf.c                         0x00000000   Number         0  __printf.o ABSOLUTE
    ../clib/printf.c                         0x00000000   Number         0  _printf_char_common.o ABSOLUTE
    ../clib/printf.c                         0x00000000   Number         0  __printf_ss.o ABSOLUTE
    ../clib/printf_percent.s                 0x00000000   Number         0  _printf_percent_end.o ABSOLUTE
    ../clib/printf_percent.s                 0x00000000   Number         0  _printf_f.o ABSOLUTE
    ../clib/printf_percent.s                 0x00000000   Number         0  _printf_percent.o ABSOLUTE
    ../clib/signal.c                         0x00000000   Number         0  defsig_rtmem_inner.o ABSOLUTE
    ../clib/signal.c                         0x00000000   Number         0  defsig_rtmem_outer.o ABSOLUTE
    ../clib/signal.c                         0x00000000   Number         0  defsig_general.o ABSOLUTE
    ../clib/signal.c                         0x00000000   Number         0  __raise.o ABSOLUTE
    ../clib/signal.c                         0x00000000   Number         0  defsig_abrt_inner.o ABSOLUTE
    ../clib/signal.c                         0x00000000   Number         0  defsig_fpe_inner.o ABSOLUTE
    ../clib/signal.c                         0x00000000   Number         0  defsig_rtred_inner.o ABSOLUTE
    ../clib/signal.c                         0x00000000   Number         0  defsig_stak_inner.o ABSOLUTE
    ../clib/signal.c                         0x00000000   Number         0  defsig_pvfn_inner.o ABSOLUTE
    ../clib/signal.c                         0x00000000   Number         0  defsig_cppl_inner.o ABSOLUTE
    ../clib/signal.c                         0x00000000   Number         0  defsig_segv_inner.o ABSOLUTE
    ../clib/signal.c                         0x00000000   Number         0  defsig_other.o ABSOLUTE
    ../clib/signal.c                         0x00000000   Number         0  defsig_rtmem_formal.o ABSOLUTE
    ../clib/signal.c                         0x00000000   Number         0  defsig_exit.o ABSOLUTE
    ../clib/signal.s                         0x00000000   Number         0  defsig.o ABSOLUTE
    ../clib/stdlib.c                         0x00000000   Number         0  exit.o ABSOLUTE
    ../fplib/ddiv.s                          0x00000000   Number         0  ddiv.o ABSOLUTE
    ../fplib/dfix.s                          0x00000000   Number         0  dfix.o ABSOLUTE
    ../fplib/dflt.s                          0x00000000   Number         0  dflt_clz.o ABSOLUTE
    ../fplib/dmul.s                          0x00000000   Number         0  dmul.o ABSOLUTE
    ../fplib/dnaninf.s                       0x00000000   Number         0  dnaninf.o ABSOLUTE
    ../fplib/dretinf.s                       0x00000000   Number         0  dretinf.o ABSOLUTE
    ../fplib/f2d.s                           0x00000000   Number         0  f2d.o ABSOLUTE
    ../fplib/faddsub.s                       0x00000000   Number         0  faddsub_clz.o ABSOLUTE
    ../fplib/fdiv.s                          0x00000000   Number         0  fdiv.o ABSOLUTE
    ../fplib/ffix.s                          0x00000000   Number         0  ffix.o ABSOLUTE
    ../fplib/fflt.s                          0x00000000   Number         0  fflt_clz.o ABSOLUTE
    ../fplib/fmul.s                          0x00000000   Number         0  fmul.o ABSOLUTE
    ../fplib/fnaninf.s                       0x00000000   Number         0  fnaninf.o ABSOLUTE
    ../fplib/fpinit.s                        0x00000000   Number         0  fpinit.o ABSOLUTE
    ../fplib/fretinf.s                       0x00000000   Number         0  fretinf.o ABSOLUTE
    ../fplib/istatus.s                       0x00000000   Number         0  istatus.o ABSOLUTE
    ../fplib/printf1.s                       0x00000000   Number         0  printf1.o ABSOLUTE
    ../fplib/usenofp.s                       0x00000000   Number         0  usenofp.o ABSOLUTE
    ../mathlib/fpclassify.c                  0x00000000   Number         0  fpclassify.o ABSOLUTE
    ..\CORE\core_cm3.c                       0x00000000   Number         0  core_cm3.o ABSOLUTE
    ..\CORE\startup_stm32f10x_hd.s           0x00000000   Number         0  startup_stm32f10x_hd.o ABSOLUTE
    ..\HARDWARE\BEEP\beep.c                  0x00000000   Number         0  beep.o ABSOLUTE
    ..\HARDWARE\DS18B20\ds18b20.c            0x00000000   Number         0  ds18b20.o ABSOLUTE
    ..\HARDWARE\EXTI\exti.c                  0x00000000   Number         0  exti.o ABSOLUTE
    ..\HARDWARE\KEY\key.c                    0x00000000   Number         0  key.o ABSOLUTE
    ..\HARDWARE\LED\led.c                    0x00000000   Number         0  led.o ABSOLUTE
    ..\HARDWARE\OLED\oeld.c                  0x00000000   Number         0  oeld.o ABSOLUTE
    ..\HARDWARE\PID\pid.c                    0x00000000   Number         0  pid.o ABSOLUTE
    ..\HARDWARE\TIMER\timer.c                0x00000000   Number         0  timer.o ABSOLUTE
    ..\STM32F10x_FWLib\src\misc.c            0x00000000   Number         0  misc.o ABSOLUTE
    ..\STM32F10x_FWLib\src\stm32f10x_exti.c  0x00000000   Number         0  stm32f10x_exti.o ABSOLUTE
    ..\STM32F10x_FWLib\src\stm32f10x_gpio.c  0x00000000   Number         0  stm32f10x_gpio.o ABSOLUTE
    ..\STM32F10x_FWLib\src\stm32f10x_rcc.c   0x00000000   Number         0  stm32f10x_rcc.o ABSOLUTE
    ..\STM32F10x_FWLib\src\stm32f10x_tim.c   0x00000000   Number         0  stm32f10x_tim.o ABSOLUTE
    ..\STM32F10x_FWLib\src\stm32f10x_usart.c 0x00000000   Number         0  stm32f10x_usart.o ABSOLUTE
    ..\SYSTEM\delay\delay.c                  0x00000000   Number         0  delay.o ABSOLUTE
    ..\SYSTEM\sys\sys.c                      0x00000000   Number         0  sys.o ABSOLUTE
    ..\SYSTEM\usart\usart.c                  0x00000000   Number         0  usart.o ABSOLUTE
    ..\\CORE\\core_cm3.c                     0x00000000   Number         0  core_cm3.o ABSOLUTE
    ..\\SYSTEM\\sys\\sys.c                   0x00000000   Number         0  sys.o ABSOLUTE
    dc.s                                     0x00000000   Number         0  dc.o ABSOLUTE
    main.c                                   0x00000000   Number         0  main.o ABSOLUTE
    stm32f10x_it.c                           0x00000000   Number         0  stm32f10x_it.o ABSOLUTE
    system_stm32f10x.c                       0x00000000   Number         0  system_stm32f10x.o ABSOLUTE
    RESET                                    0x08000000   Section      304  startup_stm32f10x_hd.o(RESET)
    !!!main                                  0x08000130   Section        8  __main.o(!!!main)
    !!!scatter                               0x08000138   Section       52  __scatter.o(!!!scatter)
    !!handler_copy                           0x0800016c   Section       26  __scatter_copy.o(!!handler_copy)
    !!handler_zi                             0x08000188   Section       28  __scatter_zi.o(!!handler_zi)
    .ARM.Collect$$_printf_percent$$00000000  0x080001a4   Section        0  _printf_percent.o(.ARM.Collect$$_printf_percent$$00000000)
    .ARM.Collect$$_printf_percent$$00000003  0x080001a4   Section        6  _printf_f.o(.ARM.Collect$$_printf_percent$$00000003)
    .ARM.Collect$$_printf_percent$$00000017  0x080001aa   Section        4  _printf_percent_end.o(.ARM.Collect$$_printf_percent$$00000017)
    .ARM.Collect$$libinit$$00000000          0x080001ae   Section        2  libinit.o(.ARM.Collect$$libinit$$00000000)
    .ARM.Collect$$libinit$$00000002          0x080001b0   Section        0  libinit2.o(.ARM.Collect$$libinit$$00000002)
    .ARM.Collect$$libinit$$00000004          0x080001b0   Section        0  libinit2.o(.ARM.Collect$$libinit$$00000004)
    .ARM.Collect$$libinit$$0000000A          0x080001b0   Section        0  libinit2.o(.ARM.Collect$$libinit$$0000000A)
    .ARM.Collect$$libinit$$0000000C          0x080001b0   Section        0  libinit2.o(.ARM.Collect$$libinit$$0000000C)
    .ARM.Collect$$libinit$$0000000E          0x080001b0   Section        0  libinit2.o(.ARM.Collect$$libinit$$0000000E)
    .ARM.Collect$$libinit$$0000000F          0x080001b0   Section        6  libinit2.o(.ARM.Collect$$libinit$$0000000F)
    .ARM.Collect$$libinit$$00000011          0x080001b6   Section        0  libinit2.o(.ARM.Collect$$libinit$$00000011)
    .ARM.Collect$$libinit$$00000013          0x080001b6   Section        0  libinit2.o(.ARM.Collect$$libinit$$00000013)
    .ARM.Collect$$libinit$$00000015          0x080001b6   Section        0  libinit2.o(.ARM.Collect$$libinit$$00000015)
    .ARM.Collect$$libinit$$00000016          0x080001b6   Section       10  libinit2.o(.ARM.Collect$$libinit$$00000016)
    .ARM.Collect$$libinit$$00000017          0x080001c0   Section        0  libinit2.o(.ARM.Collect$$libinit$$00000017)
    .ARM.Collect$$libinit$$00000019          0x080001c0   Section        0  libinit2.o(.ARM.Collect$$libinit$$00000019)
    .ARM.Collect$$libinit$$0000001B          0x080001c0   Section        0  libinit2.o(.ARM.Collect$$libinit$$0000001B)
    .ARM.Collect$$libinit$$0000001D          0x080001c0   Section        0  libinit2.o(.ARM.Collect$$libinit$$0000001D)
    .ARM.Collect$$libinit$$0000001F          0x080001c0   Section        0  libinit2.o(.ARM.Collect$$libinit$$0000001F)
    .ARM.Collect$$libinit$$00000021          0x080001c0   Section        0  libinit2.o(.ARM.Collect$$libinit$$00000021)
    .ARM.Collect$$libinit$$00000023          0x080001c0   Section        0  libinit2.o(.ARM.Collect$$libinit$$00000023)
    .ARM.Collect$$libinit$$00000025          0x080001c0   Section        0  libinit2.o(.ARM.Collect$$libinit$$00000025)
    .ARM.Collect$$libinit$$0000002C          0x080001c0   Section        0  libinit2.o(.ARM.Collect$$libinit$$0000002C)
    .ARM.Collect$$libinit$$0000002E          0x080001c0   Section        0  libinit2.o(.ARM.Collect$$libinit$$0000002E)
    .ARM.Collect$$libinit$$00000030          0x080001c0   Section        0  libinit2.o(.ARM.Collect$$libinit$$00000030)
    .ARM.Collect$$libinit$$00000032          0x080001c0   Section        0  libinit2.o(.ARM.Collect$$libinit$$00000032)
    .ARM.Collect$$libinit$$00000033          0x080001c0   Section        2  libinit2.o(.ARM.Collect$$libinit$$00000033)
    .ARM.Collect$$libshutdown$$00000000      0x080001c2   Section        2  libshutdown.o(.ARM.Collect$$libshutdown$$00000000)
    .ARM.Collect$$libshutdown$$00000003      0x080001c4   Section        0  libshutdown2.o(.ARM.Collect$$libshutdown$$00000003)
    .ARM.Collect$$libshutdown$$00000006      0x080001c4   Section        0  libshutdown2.o(.ARM.Collect$$libshutdown$$00000006)
    .ARM.Collect$$libshutdown$$00000009      0x080001c4   Section        0  libshutdown2.o(.ARM.Collect$$libshutdown$$00000009)
    .ARM.Collect$$libshutdown$$0000000B      0x080001c4   Section        0  libshutdown2.o(.ARM.Collect$$libshutdown$$0000000B)
    .ARM.Collect$$libshutdown$$0000000E      0x080001c4   Section        0  libshutdown2.o(.ARM.Collect$$libshutdown$$0000000E)
    .ARM.Collect$$libshutdown$$0000000F      0x080001c4   Section        2  libshutdown2.o(.ARM.Collect$$libshutdown$$0000000F)
    .ARM.Collect$$rtentry$$00000000          0x080001c6   Section        0  __rtentry.o(.ARM.Collect$$rtentry$$00000000)
    .ARM.Collect$$rtentry$$00000002          0x080001c6   Section        0  __rtentry2.o(.ARM.Collect$$rtentry$$00000002)
    .ARM.Collect$$rtentry$$00000004          0x080001c6   Section        6  __rtentry4.o(.ARM.Collect$$rtentry$$00000004)
    .ARM.Collect$$rtentry$$00000009          0x080001cc   Section        0  __rtentry2.o(.ARM.Collect$$rtentry$$00000009)
    .ARM.Collect$$rtentry$$0000000A          0x080001cc   Section        4  __rtentry2.o(.ARM.Collect$$rtentry$$0000000A)
    .ARM.Collect$$rtentry$$0000000C          0x080001d0   Section        0  __rtentry2.o(.ARM.Collect$$rtentry$$0000000C)
    .ARM.Collect$$rtentry$$0000000D          0x080001d0   Section        8  __rtentry2.o(.ARM.Collect$$rtentry$$0000000D)
    .ARM.Collect$$rtexit$$00000000           0x080001d8   Section        2  rtexit.o(.ARM.Collect$$rtexit$$00000000)
    .ARM.Collect$$rtexit$$00000002           0x080001da   Section        0  rtexit2.o(.ARM.Collect$$rtexit$$00000002)
    .ARM.Collect$$rtexit$$00000003           0x080001da   Section        4  rtexit2.o(.ARM.Collect$$rtexit$$00000003)
    .ARM.Collect$$rtexit$$00000004           0x080001de   Section        6  rtexit2.o(.ARM.Collect$$rtexit$$00000004)
    .text                                    0x080001e4   Section        0  main.o(.text)
    .text                                    0x080003c4   Section        0  stm32f10x_it.o(.text)
    .text                                    0x080003e0   Section        0  system_stm32f10x.o(.text)
    SetSysClockTo72                          0x080003e1   Thumb Code   214  system_stm32f10x.o(.text)
    SetSysClock                              0x080004b7   Thumb Code     8  system_stm32f10x.o(.text)
    .text                                    0x080005c0   Section        0  led.o(.text)
    .text                                    0x080005f4   Section        0  ds18b20.o(.text)
    .text                                    0x08000860   Section        0  exti.o(.text)
    .text                                    0x080008fc   Section        0  oeld.o(.text)
    .text                                    0x08000c98   Section        0  timer.o(.text)
    .text                                    0x08000d2c   Section        0  pid.o(.text)
    .text                                    0x08000ddc   Section        0  key.o(.text)
    .text                                    0x08000ee4   Section        0  delay.o(.text)
    .text                                    0x08000fb8   Section        0  usart.o(.text)
    .text                                    0x080010f8   Section       64  startup_stm32f10x_hd.o(.text)
    .text                                    0x08001138   Section        0  stm32f10x_gpio.o(.text)
    .text                                    0x08001494   Section        0  stm32f10x_rcc.o(.text)
    .text                                    0x08001838   Section        0  stm32f10x_usart.o(.text)
    .text                                    0x08001c40   Section        0  misc.o(.text)
    .text                                    0x08001d1c   Section        0  stm32f10x_tim.o(.text)
    TI4_Config                               0x080021c3   Thumb Code   130  stm32f10x_tim.o(.text)
    TI3_Config                               0x08002257   Thumb Code   122  stm32f10x_tim.o(.text)
    TI2_Config                               0x080022eb   Thumb Code   130  stm32f10x_tim.o(.text)
    TI1_Config                               0x0800237f   Thumb Code   108  stm32f10x_tim.o(.text)
    .text                                    0x08002b38   Section        0  stm32f10x_exti.o(.text)
    .text                                    0x08002c54   Section        2  use_no_semi_2.o(.text)
    .text                                    0x08002c58   Section        0  noretval__2sprintf.o(.text)
    .text                                    0x08002c80   Section        0  __printf_wp.o(.text)
    .text                                    0x08002d8e   Section       78  rt_memclr_w.o(.text)
    .text                                    0x08002ddc   Section        0  heapauxi.o(.text)
    .text                                    0x08002de2   Section        2  use_no_semi.o(.text)
    .text                                    0x08002de4   Section        0  _printf_fp_dec.o(.text)
    _fp_digits                               0x08002de7   Thumb Code   428  _printf_fp_dec.o(.text)
    .text                                    0x08003200   Section        0  _printf_char_common.o(.text)
    _printf_input_char                       0x08003201   Thumb Code    10  _printf_char_common.o(.text)
    .text                                    0x08003230   Section        0  _sputc.o(.text)
    .text                                    0x0800323c   Section        8  rt_locale_intlibspace.o(.text)
    .text                                    0x08003244   Section      138  lludiv10.o(.text)
    .text                                    0x080032d0   Section        0  _printf_fp_infnan.o(.text)
    .text                                    0x08003350   Section        0  bigflt0.o(.text)
    .text                                    0x0800342c   Section        8  libspace.o(.text)
    .text                                    0x08003434   Section       74  sys_stackheap_outer.o(.text)
    .text                                    0x0800347e   Section        0  exit.o(.text)
    .text                                    0x0800348c   Section      128  strcmpv7m.o(.text)
    CL$$btod_d2e                             0x0800350c   Section       62  btod.o(CL$$btod_d2e)
    CL$$btod_d2e_denorm_low                  0x0800354a   Section       70  btod.o(CL$$btod_d2e_denorm_low)
    CL$$btod_d2e_norm_op1                    0x08003590   Section       96  btod.o(CL$$btod_d2e_norm_op1)
    CL$$btod_div_common                      0x080035f0   Section      824  btod.o(CL$$btod_div_common)
    CL$$btod_e2e                             0x08003928   Section      198  btod.o(CL$$btod_e2e)
    CL$$btod_ediv                            0x080039ee   Section       40  btod.o(CL$$btod_ediv)
    CL$$btod_emul                            0x08003a16   Section       40  btod.o(CL$$btod_emul)
    CL$$btod_mult_common                     0x08003a3e   Section      580  btod.o(CL$$btod_mult_common)
    i.__ARM_fpclassify                       0x08003c82   Section        0  fpclassify.o(i.__ARM_fpclassify)
    i._is_digit                              0x08003caa   Section        0  __printf_wp.o(i._is_digit)
    locale$$code                             0x08003cb8   Section       44  lc_numeric_c.o(locale$$code)
    x$fpl$ddiv                               0x08003ce4   Section      688  ddiv.o(x$fpl$ddiv)
    ddiv_entry                               0x08003ceb   Thumb Code     0  ddiv.o(x$fpl$ddiv)
    x$fpl$dfix                               0x08003f94   Section       94  dfix.o(x$fpl$dfix)
    x$fpl$dflt                               0x08003ff2   Section       46  dflt_clz.o(x$fpl$dflt)
    x$fpl$dmul                               0x08004020   Section      340  dmul.o(x$fpl$dmul)
    x$fpl$dnaninf                            0x08004174   Section      156  dnaninf.o(x$fpl$dnaninf)
    x$fpl$dretinf                            0x08004210   Section       12  dretinf.o(x$fpl$dretinf)
    x$fpl$f2d                                0x0800421c   Section       86  f2d.o(x$fpl$f2d)
    x$fpl$fadd                               0x08004274   Section      196  faddsub_clz.o(x$fpl$fadd)
    _fadd1                                   0x08004283   Thumb Code     0  faddsub_clz.o(x$fpl$fadd)
    x$fpl$fdiv                               0x08004338   Section      388  fdiv.o(x$fpl$fdiv)
    _fdiv1                                   0x08004339   Thumb Code     0  fdiv.o(x$fpl$fdiv)
    x$fpl$ffix                               0x080044bc   Section       54  ffix.o(x$fpl$ffix)
    x$fpl$fflt                               0x080044f4   Section       48  fflt_clz.o(x$fpl$fflt)
    x$fpl$fmul                               0x08004524   Section      258  fmul.o(x$fpl$fmul)
    x$fpl$fnaninf                            0x08004626   Section      140  fnaninf.o(x$fpl$fnaninf)
    x$fpl$fretinf                            0x080046b2   Section       10  fretinf.o(x$fpl$fretinf)
    x$fpl$fsub                               0x080046bc   Section      234  faddsub_clz.o(x$fpl$fsub)
    _fsub1                                   0x080046cb   Thumb Code     0  faddsub_clz.o(x$fpl$fsub)
    x$fpl$printf1                            0x080047a6   Section        4  printf1.o(x$fpl$printf1)
    .constdata                               0x080047aa   Section     2072  oeld.o(.constdata)
    x$fpl$usenofp                            0x080047aa   Section        0  usenofp.o(x$fpl$usenofp)
    .constdata                               0x08004fc4   Section      148  bigflt0.o(.constdata)
    tenpwrs_x                                0x08004fc4   Data          60  bigflt0.o(.constdata)
    tenpwrs_i                                0x08005000   Data          64  bigflt0.o(.constdata)
    locale$$data                             0x08005078   Section       28  lc_numeric_c.o(locale$$data)
    __lcnum_c_name                           0x0800507c   Data           2  lc_numeric_c.o(locale$$data)
    __lcnum_c_start                          0x08005084   Data           0  lc_numeric_c.o(locale$$data)
    __lcnum_c_point                          0x08005090   Data           0  lc_numeric_c.o(locale$$data)
    __lcnum_c_thousands                      0x08005092   Data           0  lc_numeric_c.o(locale$$data)
    __lcnum_c_grouping                       0x08005093   Data           0  lc_numeric_c.o(locale$$data)
    __lcnum_c_end                            0x08005094   Data           0  lc_numeric_c.o(locale$$data)
    .data                                    0x20000000   Section       20  system_stm32f10x.o(.data)
    .data                                    0x20000014   Section        4  ds18b20.o(.data)
    .data                                    0x20000018   Section       96  oeld.o(.data)
    .data                                    0x20000078   Section       16  pid.o(.data)
    Temp_Integral                            0x20000084   Data           4  pid.o(.data)
    .data                                    0x20000088   Section        1  key.o(.data)
    key_up                                   0x20000088   Data           1  key.o(.data)
    .data                                    0x2000008a   Section        4  delay.o(.data)
    fac_us                                   0x2000008a   Data           1  delay.o(.data)
    fac_ms                                   0x2000008c   Data           2  delay.o(.data)
    .data                                    0x20000090   Section        6  usart.o(.data)
    .data                                    0x20000096   Section       20  stm32f10x_rcc.o(.data)
    APBAHBPrescTable                         0x20000096   Data          16  stm32f10x_rcc.o(.data)
    ADCPrescTable                            0x200000a6   Data           4  stm32f10x_rcc.o(.data)
    .bss                                     0x200000ac   Section      200  usart.o(.bss)
    .bss                                     0x20000174   Section       96  libspace.o(.bss)
    HEAP                                     0x200001d8   Section      512  startup_stm32f10x_hd.o(HEAP)
    Heap_Mem                                 0x200001d8   Data         512  startup_stm32f10x_hd.o(HEAP)
    STACK                                    0x200003d8   Section     1024  startup_stm32f10x_hd.o(STACK)
    Stack_Mem                                0x200003d8   Data        1024  startup_stm32f10x_hd.o(STACK)
    __initial_sp                             0x200007d8   Data           0  startup_stm32f10x_hd.o(STACK)

    Global Symbols

    Symbol Name                              Value     Ov Type        Size  Object(Section)

    BuildAttributes$$THM_ISAv4$P$D$K$B$S$PE$A:L22UL41UL21$X:L11$S22US41US21$IEEE1$IW$USESV6$~STKCKD$USESV7$~SHL$OTIME$ROPI$IEEEJ$EBA8$UX$STANDARDLIB$REQ8$PRES8$EABIv2 0x00000000   Number         0  anon$$obj.o ABSOLUTE
    __ARM_use_no_argv                        0x00000000   Number         0  main.o ABSOLUTE
    _printf_flags                            0x00000000   Number         0  printf_stubs.o ABSOLUTE
    _printf_return_value                     0x00000000   Number         0  printf_stubs.o ABSOLUTE
    _printf_sizespec                         0x00000000   Number         0  printf_stubs.o ABSOLUTE
    _printf_widthprec                        0x00000000   Number         0  printf_stubs.o ABSOLUTE
    __ARM_exceptions_init                     - Undefined Weak Reference
    __alloca_initialize                       - Undefined Weak Reference
    __arm_preinit_                            - Undefined Weak Reference
    __cpp_initialize__aeabi_                  - Undefined Weak Reference
    __cxa_finalize                            - Undefined Weak Reference
    __sigvec_lookup                           - Undefined Weak Reference
    _atexit_init                              - Undefined Weak Reference
    _call_atexit_fns                          - Undefined Weak Reference
    _clock_init                               - Undefined Weak Reference
    _fp_trap_init                             - Undefined Weak Reference
    _fp_trap_shutdown                         - Undefined Weak Reference
    _get_lc_collate                           - Undefined Weak Reference
    _get_lc_ctype                             - Undefined Weak Reference
    _get_lc_monetary                          - Undefined Weak Reference
    _get_lc_time                              - Undefined Weak Reference
    _getenv_init                              - Undefined Weak Reference
    _handle_redirection                       - Undefined Weak Reference
    _init_alloc                               - Undefined Weak Reference
    _init_user_alloc                          - Undefined Weak Reference
    _initio                                   - Undefined Weak Reference
    _printf_post_padding                      - Undefined Weak Reference
    _printf_pre_padding                       - Undefined Weak Reference
    _rand_init                                - Undefined Weak Reference
    _signal_finish                            - Undefined Weak Reference
    _signal_init                              - Undefined Weak Reference
    _terminate_alloc                          - Undefined Weak Reference
    _terminate_user_alloc                     - Undefined Weak Reference
    _terminateio                              - Undefined Weak Reference
    __Vectors_Size                           0x00000130   Number         0  startup_stm32f10x_hd.o ABSOLUTE
    __Vectors                                0x08000000   Data           4  startup_stm32f10x_hd.o(RESET)
    __Vectors_End                            0x08000130   Data           0  startup_stm32f10x_hd.o(RESET)
    __main                                   0x08000131   Thumb Code     8  __main.o(!!!main)
    __scatterload                            0x08000139   Thumb Code     0  __scatter.o(!!!scatter)
    __scatterload_rt2                        0x08000139   Thumb Code    44  __scatter.o(!!!scatter)
    __scatterload_rt2_thumb_only             0x08000139   Thumb Code     0  __scatter.o(!!!scatter)
    __scatterload_null                       0x08000147   Thumb Code     0  __scatter.o(!!!scatter)
    __scatterload_copy                       0x0800016d   Thumb Code    26  __scatter_copy.o(!!handler_copy)
    __scatterload_zeroinit                   0x08000189   Thumb Code    28  __scatter_zi.o(!!handler_zi)
    _printf_f                                0x080001a5   Thumb Code     0  _printf_f.o(.ARM.Collect$$_printf_percent$$00000003)
    _printf_percent                          0x080001a5   Thumb Code     0  _printf_percent.o(.ARM.Collect$$_printf_percent$$00000000)
    _printf_percent_end                      0x080001ab   Thumb Code     0  _printf_percent_end.o(.ARM.Collect$$_printf_percent$$00000017)
    __rt_lib_init                            0x080001af   Thumb Code     0  libinit.o(.ARM.Collect$$libinit$$00000000)
    __rt_lib_init_fp_1                       0x080001b1   Thumb Code     0  libinit2.o(.ARM.Collect$$libinit$$00000002)
    __rt_lib_init_heap_1                     0x080001b1   Thumb Code     0  libinit2.o(.ARM.Collect$$libinit$$0000000A)
    __rt_lib_init_lc_common                  0x080001b1   Thumb Code     0  libinit2.o(.ARM.Collect$$libinit$$0000000F)
    __rt_lib_init_preinit_1                  0x080001b1   Thumb Code     0  libinit2.o(.ARM.Collect$$libinit$$00000004)
    __rt_lib_init_rand_1                     0x080001b1   Thumb Code     0  libinit2.o(.ARM.Collect$$libinit$$0000000E)
    __rt_lib_init_user_alloc_1               0x080001b1   Thumb Code     0  libinit2.o(.ARM.Collect$$libinit$$0000000C)
    __rt_lib_init_lc_collate_1               0x080001b7   Thumb Code     0  libinit2.o(.ARM.Collect$$libinit$$00000011)
    __rt_lib_init_lc_ctype_1                 0x080001b7   Thumb Code     0  libinit2.o(.ARM.Collect$$libinit$$00000013)
    __rt_lib_init_lc_monetary_1              0x080001b7   Thumb Code     0  libinit2.o(.ARM.Collect$$libinit$$00000015)
    __rt_lib_init_lc_numeric_2               0x080001b7   Thumb Code     0  libinit2.o(.ARM.Collect$$libinit$$00000016)
    __rt_lib_init_alloca_1                   0x080001c1   Thumb Code     0  libinit2.o(.ARM.Collect$$libinit$$0000002E)
    __rt_lib_init_argv_1                     0x080001c1   Thumb Code     0  libinit2.o(.ARM.Collect$$libinit$$0000002C)
    __rt_lib_init_atexit_1                   0x080001c1   Thumb Code     0  libinit2.o(.ARM.Collect$$libinit$$0000001B)
    __rt_lib_init_clock_1                    0x080001c1   Thumb Code     0  libinit2.o(.ARM.Collect$$libinit$$00000021)
    __rt_lib_init_cpp_1                      0x080001c1   Thumb Code     0  libinit2.o(.ARM.Collect$$libinit$$00000032)
    __rt_lib_init_exceptions_1               0x080001c1   Thumb Code     0  libinit2.o(.ARM.Collect$$libinit$$00000030)
    __rt_lib_init_fp_trap_1                  0x080001c1   Thumb Code     0  libinit2.o(.ARM.Collect$$libinit$$0000001F)
    __rt_lib_init_getenv_1                   0x080001c1   Thumb Code     0  libinit2.o(.ARM.Collect$$libinit$$00000023)
    __rt_lib_init_lc_numeric_1               0x080001c1   Thumb Code     0  libinit2.o(.ARM.Collect$$libinit$$00000017)
    __rt_lib_init_lc_time_1                  0x080001c1   Thumb Code     0  libinit2.o(.ARM.Collect$$libinit$$00000019)
    __rt_lib_init_return                     0x080001c1   Thumb Code     0  libinit2.o(.ARM.Collect$$libinit$$00000033)
    __rt_lib_init_signal_1                   0x080001c1   Thumb Code     0  libinit2.o(.ARM.Collect$$libinit$$0000001D)
    __rt_lib_init_stdio_1                    0x080001c1   Thumb Code     0  libinit2.o(.ARM.Collect$$libinit$$00000025)
    __rt_lib_shutdown                        0x080001c3   Thumb Code     0  libshutdown.o(.ARM.Collect$$libshutdown$$00000000)
    __rt_lib_shutdown_fp_trap_1              0x080001c5   Thumb Code     0  libshutdown2.o(.ARM.Collect$$libshutdown$$00000006)
    __rt_lib_shutdown_heap_1                 0x080001c5   Thumb Code     0  libshutdown2.o(.ARM.Collect$$libshutdown$$0000000E)
    __rt_lib_shutdown_return                 0x080001c5   Thumb Code     0  libshutdown2.o(.ARM.Collect$$libshutdown$$0000000F)
    __rt_lib_shutdown_signal_1               0x080001c5   Thumb Code     0  libshutdown2.o(.ARM.Collect$$libshutdown$$00000009)
    __rt_lib_shutdown_stdio_1                0x080001c5   Thumb Code     0  libshutdown2.o(.ARM.Collect$$libshutdown$$00000003)
    __rt_lib_shutdown_user_alloc_1           0x080001c5   Thumb Code     0  libshutdown2.o(.ARM.Collect$$libshutdown$$0000000B)
    __rt_entry                               0x080001c7   Thumb Code     0  __rtentry.o(.ARM.Collect$$rtentry$$00000000)
    __rt_entry_presh_1                       0x080001c7   Thumb Code     0  __rtentry2.o(.ARM.Collect$$rtentry$$00000002)
    __rt_entry_sh                            0x080001c7   Thumb Code     0  __rtentry4.o(.ARM.Collect$$rtentry$$00000004)
    __rt_entry_li                            0x080001cd   Thumb Code     0  __rtentry2.o(.ARM.Collect$$rtentry$$0000000A)
    __rt_entry_postsh_1                      0x080001cd   Thumb Code     0  __rtentry2.o(.ARM.Collect$$rtentry$$00000009)
    __rt_entry_main                          0x080001d1   Thumb Code     0  __rtentry2.o(.ARM.Collect$$rtentry$$0000000D)
    __rt_entry_postli_1                      0x080001d1   Thumb Code     0  __rtentry2.o(.ARM.Collect$$rtentry$$0000000C)
    __rt_exit                                0x080001d9   Thumb Code     0  rtexit.o(.ARM.Collect$$rtexit$$00000000)
    __rt_exit_ls                             0x080001db   Thumb Code     0  rtexit2.o(.ARM.Collect$$rtexit$$00000003)
    __rt_exit_prels_1                        0x080001db   Thumb Code     0  rtexit2.o(.ARM.Collect$$rtexit$$00000002)
    __rt_exit_exit                           0x080001df   Thumb Code     0  rtexit2.o(.ARM.Collect$$rtexit$$00000004)
    main                                     0x080001e5   Thumb Code   366  main.o(.text)
    NMI_Handler                              0x080003c5   Thumb Code     2  stm32f10x_it.o(.text)
    HardFault_Handler                        0x080003c7   Thumb Code     4  stm32f10x_it.o(.text)
    MemManage_Handler                        0x080003cb   Thumb Code     4  stm32f10x_it.o(.text)
    BusFault_Handler                         0x080003cf   Thumb Code     4  stm32f10x_it.o(.text)
    UsageFault_Handler                       0x080003d3   Thumb Code     4  stm32f10x_it.o(.text)
    SVC_Handler                              0x080003d7   Thumb Code     2  stm32f10x_it.o(.text)
    DebugMon_Handler                         0x080003d9   Thumb Code     2  stm32f10x_it.o(.text)
    PendSV_Handler                           0x080003db   Thumb Code     2  stm32f10x_it.o(.text)
    SysTick_Handler                          0x080003dd   Thumb Code     2  stm32f10x_it.o(.text)
    SystemInit                               0x080004bf   Thumb Code    78  system_stm32f10x.o(.text)
    SystemCoreClockUpdate                    0x0800050d   Thumb Code   142  system_stm32f10x.o(.text)
    LED_Init                                 0x080005c1   Thumb Code    46  led.o(.text)
    DS18B20_Rst                              0x080005f5   Thumb Code    54  ds18b20.o(.text)
    DS18B20_Check                            0x0800062b   Thumb Code    96  ds18b20.o(.text)
    DS18B20_Read_Bit                         0x0800068b   Thumb Code    96  ds18b20.o(.text)
    DS18B20_Read_Byte                        0x080006eb   Thumb Code    34  ds18b20.o(.text)
    DS18B20_Write_Byte                       0x0800070d   Thumb Code   102  ds18b20.o(.text)
    DS18B20_Start                            0x08000773   Thumb Code    24  ds18b20.o(.text)
    DS18B20_Init                             0x0800078b   Thumb Code    62  ds18b20.o(.text)
    DS18B20_Get_Temp                         0x080007c9   Thumb Code   136  ds18b20.o(.text)
    EXTIX_Init                               0x08000861   Thumb Code   112  exti.o(.text)
    EXTI0_IRQHandler                         0x080008d1   Thumb Code    28  exti.o(.text)
    OLED_WR_Byte                             0x080008fd   Thumb Code   118  oeld.o(.text)
    OLED_Set_Pos                             0x08000973   Thumb Code    46  oeld.o(.text)
    OLED_Display_On                          0x080009a1   Thumb Code    28  oeld.o(.text)
    OLED_Display_Off                         0x080009bd   Thumb Code    28  oeld.o(.text)
    OLED_Clear                               0x080009d9   Thumb Code    64  oeld.o(.text)
    OLED_Init                                0x08000a19   Thumb Code   356  oeld.o(.text)
    OLED_ShowChar                            0x08000b7d   Thumb Code    96  oeld.o(.text)
    OLED_ShowString                          0x08000bdd   Thumb Code    54  oeld.o(.text)
    OLED_Show_num                            0x08000c13   Thumb Code    32  oeld.o(.text)
    OLED_16x16CN                             0x08000c33   Thumb Code    84  oeld.o(.text)
    TIM4_Int_Init                            0x08000c99   Thumb Code    90  timer.o(.text)
    TIM4_IRQHandler                          0x08000cf3   Thumb Code    48  timer.o(.text)
    Regulate_Temperature                     0x08000d2d   Thumb Code   150  pid.o(.text)
    KEY_Init                                 0x08000ddd   Thumb Code    50  key.o(.text)
    KEY_Scan                                 0x08000e0f   Thumb Code   202  key.o(.text)
    delay_init                               0x08000ee5   Thumb Code    50  delay.o(.text)
    delay_us                                 0x08000f17   Thumb Code    72  delay.o(.text)
    delay_ms                                 0x08000f5f   Thumb Code    72  delay.o(.text)
    _sys_exit                                0x08000fb9   Thumb Code     6  usart.o(.text)
    fputc                                    0x08000fbf   Thumb Code    24  usart.o(.text)
    uart_init                                0x08000fd7   Thumb Code   152  usart.o(.text)
    USART1_IRQHandler                        0x0800106f   Thumb Code   122  usart.o(.text)
    Reset_Handler                            0x080010f9   Thumb Code     8  startup_stm32f10x_hd.o(.text)
    ADC1_2_IRQHandler                        0x08001113   Thumb Code     0  startup_stm32f10x_hd.o(.text)
    ADC3_IRQHandler                          0x08001113   Thumb Code     0  startup_stm32f10x_hd.o(.text)
    CAN1_RX1_IRQHandler                      0x08001113   Thumb Code     0  startup_stm32f10x_hd.o(.text)
    CAN1_SCE_IRQHandler                      0x08001113   Thumb Code     0  startup_stm32f10x_hd.o(.text)
    DMA1_Channel1_IRQHandler                 0x08001113   Thumb Code     0  startup_stm32f10x_hd.o(.text)
    DMA1_Channel2_IRQHandler                 0x08001113   Thumb Code     0  startup_stm32f10x_hd.o(.text)
    DMA1_Channel3_IRQHandler                 0x08001113   Thumb Code     0  startup_stm32f10x_hd.o(.text)
    DMA1_Channel4_IRQHandler                 0x08001113   Thumb Code     0  startup_stm32f10x_hd.o(.text)
    DMA1_Channel5_IRQHandler                 0x08001113   Thumb Code     0  startup_stm32f10x_hd.o(.text)
    DMA1_Channel6_IRQHandler                 0x08001113   Thumb Code     0  startup_stm32f10x_hd.o(.text)
    DMA1_Channel7_IRQHandler                 0x08001113   Thumb Code     0  startup_stm32f10x_hd.o(.text)
    DMA2_Channel1_IRQHandler                 0x08001113   Thumb Code     0  startup_stm32f10x_hd.o(.text)
    DMA2_Channel2_IRQHandler                 0x08001113   Thumb Code     0  startup_stm32f10x_hd.o(.text)
    DMA2_Channel3_IRQHandler                 0x08001113   Thumb Code     0  startup_stm32f10x_hd.o(.text)
    DMA2_Channel4_5_IRQHandler               0x08001113   Thumb Code     0  startup_stm32f10x_hd.o(.text)
    EXTI15_10_IRQHandler                     0x08001113   Thumb Code     0  startup_stm32f10x_hd.o(.text)
    EXTI1_IRQHandler                         0x08001113   Thumb Code     0  startup_stm32f10x_hd.o(.text)
    EXTI2_IRQHandler                         0x08001113   Thumb Code     0  startup_stm32f10x_hd.o(.text)
    EXTI3_IRQHandler                         0x08001113   Thumb Code     0  startup_stm32f10x_hd.o(.text)
    EXTI4_IRQHandler                         0x08001113   Thumb Code     0  startup_stm32f10x_hd.o(.text)
    EXTI9_5_IRQHandler                       0x08001113   Thumb Code     0  startup_stm32f10x_hd.o(.text)
    FLASH_IRQHandler                         0x08001113   Thumb Code     0  startup_stm32f10x_hd.o(.text)
    FSMC_IRQHandler                          0x08001113   Thumb Code     0  startup_stm32f10x_hd.o(.text)
    I2C1_ER_IRQHandler                       0x08001113   Thumb Code     0  startup_stm32f10x_hd.o(.text)
    I2C1_EV_IRQHandler                       0x08001113   Thumb Code     0  startup_stm32f10x_hd.o(.text)
    I2C2_ER_IRQHandler                       0x08001113   Thumb Code     0  startup_stm32f10x_hd.o(.text)
    I2C2_EV_IRQHandler                       0x08001113   Thumb Code     0  startup_stm32f10x_hd.o(.text)
    PVD_IRQHandler                           0x08001113   Thumb Code     0  startup_stm32f10x_hd.o(.text)
    RCC_IRQHandler                           0x08001113   Thumb Code     0  startup_stm32f10x_hd.o(.text)
    RTCAlarm_IRQHandler                      0x08001113   Thumb Code     0  startup_stm32f10x_hd.o(.text)
    RTC_IRQHandler                           0x08001113   Thumb Code     0  startup_stm32f10x_hd.o(.text)
    SDIO_IRQHandler                          0x08001113   Thumb Code     0  startup_stm32f10x_hd.o(.text)
    SPI1_IRQHandler                          0x08001113   Thumb Code     0  startup_stm32f10x_hd.o(.text)
    SPI2_IRQHandler                          0x08001113   Thumb Code     0  startup_stm32f10x_hd.o(.text)
    SPI3_IRQHandler                          0x08001113   Thumb Code     0  startup_stm32f10x_hd.o(.text)
    TAMPER_IRQHandler                        0x08001113   Thumb Code     0  startup_stm32f10x_hd.o(.text)
    TIM1_BRK_IRQHandler                      0x08001113   Thumb Code     0  startup_stm32f10x_hd.o(.text)
    TIM1_CC_IRQHandler                       0x08001113   Thumb Code     0  startup_stm32f10x_hd.o(.text)
    TIM1_TRG_COM_IRQHandler                  0x08001113   Thumb Code     0  startup_stm32f10x_hd.o(.text)
    TIM1_UP_IRQHandler                       0x08001113   Thumb Code     0  startup_stm32f10x_hd.o(.text)
    TIM2_IRQHandler                          0x08001113   Thumb Code     0  startup_stm32f10x_hd.o(.text)
    TIM3_IRQHandler                          0x08001113   Thumb Code     0  startup_stm32f10x_hd.o(.text)
    TIM5_IRQHandler                          0x08001113   Thumb Code     0  startup_stm32f10x_hd.o(.text)
    TIM6_IRQHandler                          0x08001113   Thumb Code     0  startup_stm32f10x_hd.o(.text)
    TIM7_IRQHandler                          0x08001113   Thumb Code     0  startup_stm32f10x_hd.o(.text)
    TIM8_BRK_IRQHandler                      0x08001113   Thumb Code     0  startup_stm32f10x_hd.o(.text)
    TIM8_CC_IRQHandler                       0x08001113   Thumb Code     0  startup_stm32f10x_hd.o(.text)
    TIM8_TRG_COM_IRQHandler                  0x08001113   Thumb Code     0  startup_stm32f10x_hd.o(.text)
    TIM8_UP_IRQHandler                       0x08001113   Thumb Code     0  startup_stm32f10x_hd.o(.text)
    UART4_IRQHandler                         0x08001113   Thumb Code     0  startup_stm32f10x_hd.o(.text)
    UART5_IRQHandler                         0x08001113   Thumb Code     0  startup_stm32f10x_hd.o(.text)
    USART2_IRQHandler                        0x08001113   Thumb Code     0  startup_stm32f10x_hd.o(.text)
    USART3_IRQHandler                        0x08001113   Thumb Code     0  startup_stm32f10x_hd.o(.text)
    USBWakeUp_IRQHandler                     0x08001113   Thumb Code     0  startup_stm32f10x_hd.o(.text)
    USB_HP_CAN1_TX_IRQHandler                0x08001113   Thumb Code     0  startup_stm32f10x_hd.o(.text)
    USB_LP_CAN1_RX0_IRQHandler               0x08001113   Thumb Code     0  startup_stm32f10x_hd.o(.text)
    WWDG_IRQHandler                          0x08001113   Thumb Code     0  startup_stm32f10x_hd.o(.text)
    __user_initial_stackheap                 0x08001115   Thumb Code     0  startup_stm32f10x_hd.o(.text)
    GPIO_DeInit                              0x08001139   Thumb Code   172  stm32f10x_gpio.o(.text)
    GPIO_AFIODeInit                          0x080011e5   Thumb Code    20  stm32f10x_gpio.o(.text)
    GPIO_Init                                0x080011f9   Thumb Code   278  stm32f10x_gpio.o(.text)
    GPIO_StructInit                          0x0800130f   Thumb Code    16  stm32f10x_gpio.o(.text)
    GPIO_ReadInputDataBit                    0x0800131f   Thumb Code    18  stm32f10x_gpio.o(.text)
    GPIO_ReadInputData                       0x08001331   Thumb Code     8  stm32f10x_gpio.o(.text)
    GPIO_ReadOutputDataBit                   0x08001339   Thumb Code    18  stm32f10x_gpio.o(.text)
    GPIO_ReadOutputData                      0x0800134b   Thumb Code     8  stm32f10x_gpio.o(.text)
    GPIO_SetBits                             0x08001353   Thumb Code     4  stm32f10x_gpio.o(.text)
    GPIO_ResetBits                           0x08001357   Thumb Code     4  stm32f10x_gpio.o(.text)
    GPIO_WriteBit                            0x0800135b   Thumb Code    10  stm32f10x_gpio.o(.text)
    GPIO_Write                               0x08001365   Thumb Code     4  stm32f10x_gpio.o(.text)
    GPIO_PinLockConfig                       0x08001369   Thumb Code    18  stm32f10x_gpio.o(.text)
    GPIO_EventOutputConfig                   0x0800137b   Thumb Code    26  stm32f10x_gpio.o(.text)
    GPIO_EventOutputCmd                      0x08001395   Thumb Code     6  stm32f10x_gpio.o(.text)
    GPIO_PinRemapConfig                      0x0800139b   Thumb Code   138  stm32f10x_gpio.o(.text)
    GPIO_EXTILineConfig                      0x08001425   Thumb Code    66  stm32f10x_gpio.o(.text)
    GPIO_ETH_MediaInterfaceConfig            0x08001467   Thumb Code     8  stm32f10x_gpio.o(.text)
    RCC_DeInit                               0x08001495   Thumb Code    64  stm32f10x_rcc.o(.text)
    RCC_HSEConfig                            0x080014d5   Thumb Code    70  stm32f10x_rcc.o(.text)
    RCC_GetFlagStatus                        0x0800151b   Thumb Code    56  stm32f10x_rcc.o(.text)
    RCC_WaitForHSEStartUp                    0x08001553   Thumb Code    56  stm32f10x_rcc.o(.text)
    RCC_AdjustHSICalibrationValue            0x0800158b   Thumb Code    20  stm32f10x_rcc.o(.text)
    RCC_HSICmd                               0x0800159f   Thumb Code     6  stm32f10x_rcc.o(.text)
    RCC_PLLConfig                            0x080015a5   Thumb Code    24  stm32f10x_rcc.o(.text)
    RCC_PLLCmd                               0x080015bd   Thumb Code     6  stm32f10x_rcc.o(.text)
    RCC_SYSCLKConfig                         0x080015c3   Thumb Code    18  stm32f10x_rcc.o(.text)
    RCC_GetSYSCLKSource                      0x080015d5   Thumb Code    10  stm32f10x_rcc.o(.text)
    RCC_HCLKConfig                           0x080015df   Thumb Code    18  stm32f10x_rcc.o(.text)
    RCC_PCLK1Config                          0x080015f1   Thumb Code    18  stm32f10x_rcc.o(.text)
    RCC_PCLK2Config                          0x08001603   Thumb Code    20  stm32f10x_rcc.o(.text)
    RCC_ITConfig                             0x08001617   Thumb Code    26  stm32f10x_rcc.o(.text)
    RCC_USBCLKConfig                         0x08001631   Thumb Code     8  stm32f10x_rcc.o(.text)
    RCC_ADCCLKConfig                         0x08001639   Thumb Code    18  stm32f10x_rcc.o(.text)
    RCC_LSEConfig                            0x0800164b   Thumb Code    50  stm32f10x_rcc.o(.text)
    RCC_LSICmd                               0x0800167d   Thumb Code     6  stm32f10x_rcc.o(.text)
    RCC_RTCCLKConfig                         0x08001683   Thumb Code    12  stm32f10x_rcc.o(.text)
    RCC_RTCCLKCmd                            0x0800168f   Thumb Code     8  stm32f10x_rcc.o(.text)
    RCC_GetClocksFreq                        0x08001697   Thumb Code   192  stm32f10x_rcc.o(.text)
    RCC_AHBPeriphClockCmd                    0x08001757   Thumb Code    26  stm32f10x_rcc.o(.text)
    RCC_APB2PeriphClockCmd                   0x08001771   Thumb Code    26  stm32f10x_rcc.o(.text)
    RCC_APB1PeriphClockCmd                   0x0800178b   Thumb Code    26  stm32f10x_rcc.o(.text)
    RCC_APB2PeriphResetCmd                   0x080017a5   Thumb Code    26  stm32f10x_rcc.o(.text)
    RCC_APB1PeriphResetCmd                   0x080017bf   Thumb Code    26  stm32f10x_rcc.o(.text)
    RCC_BackupResetCmd                       0x080017d9   Thumb Code     8  stm32f10x_rcc.o(.text)
    RCC_ClockSecuritySystemCmd               0x080017e1   Thumb Code     6  stm32f10x_rcc.o(.text)
    RCC_MCOConfig                            0x080017e7   Thumb Code     6  stm32f10x_rcc.o(.text)
    RCC_ClearFlag                            0x080017ed   Thumb Code    14  stm32f10x_rcc.o(.text)
    RCC_GetITStatus                          0x080017fb   Thumb Code    20  stm32f10x_rcc.o(.text)
    RCC_ClearITPendingBit                    0x0800180f   Thumb Code     6  stm32f10x_rcc.o(.text)
    USART_DeInit                             0x08001839   Thumb Code   134  stm32f10x_usart.o(.text)
    USART_Init                               0x080018bf   Thumb Code   210  stm32f10x_usart.o(.text)
    USART_StructInit                         0x08001991   Thumb Code    24  stm32f10x_usart.o(.text)
    USART_ClockInit                          0x080019a9   Thumb Code    34  stm32f10x_usart.o(.text)
    USART_ClockStructInit                    0x080019cb   Thumb Code    12  stm32f10x_usart.o(.text)
    USART_Cmd                                0x080019d7   Thumb Code    24  stm32f10x_usart.o(.text)
    USART_ITConfig                           0x080019ef   Thumb Code    74  stm32f10x_usart.o(.text)
    USART_DMACmd                             0x08001a39   Thumb Code    18  stm32f10x_usart.o(.text)
    USART_SetAddress                         0x08001a4b   Thumb Code    18  stm32f10x_usart.o(.text)
    USART_WakeUpConfig                       0x08001a5d   Thumb Code    18  stm32f10x_usart.o(.text)
    USART_ReceiverWakeUpCmd                  0x08001a6f   Thumb Code    24  stm32f10x_usart.o(.text)
    USART_LINBreakDetectLengthConfig         0x08001a87   Thumb Code    18  stm32f10x_usart.o(.text)
    USART_LINCmd                             0x08001a99   Thumb Code    24  stm32f10x_usart.o(.text)
    USART_SendData                           0x08001ab1   Thumb Code     8  stm32f10x_usart.o(.text)
    USART_ReceiveData                        0x08001ab9   Thumb Code    10  stm32f10x_usart.o(.text)
    USART_SendBreak                          0x08001ac3   Thumb Code    10  stm32f10x_usart.o(.text)
    USART_SetGuardTime                       0x08001acd   Thumb Code    16  stm32f10x_usart.o(.text)
    USART_SetPrescaler                       0x08001add   Thumb Code    16  stm32f10x_usart.o(.text)
    USART_SmartCardCmd                       0x08001aed   Thumb Code    24  stm32f10x_usart.o(.text)
    USART_SmartCardNACKCmd                   0x08001b05   Thumb Code    24  stm32f10x_usart.o(.text)
    USART_HalfDuplexCmd                      0x08001b1d   Thumb Code    24  stm32f10x_usart.o(.text)
    USART_OverSampling8Cmd                   0x08001b35   Thumb Code    22  stm32f10x_usart.o(.text)
    USART_OneBitMethodCmd                    0x08001b4b   Thumb Code    24  stm32f10x_usart.o(.text)
    USART_IrDAConfig                         0x08001b63   Thumb Code    18  stm32f10x_usart.o(.text)
    USART_IrDACmd                            0x08001b75   Thumb Code    24  stm32f10x_usart.o(.text)
    USART_GetFlagStatus                      0x08001b8d   Thumb Code    26  stm32f10x_usart.o(.text)
    USART_ClearFlag                          0x08001ba7   Thumb Code    18  stm32f10x_usart.o(.text)
    USART_GetITStatus                        0x08001bb9   Thumb Code    84  stm32f10x_usart.o(.text)
    USART_ClearITPendingBit                  0x08001c0d   Thumb Code    52  stm32f10x_usart.o(.text)
    NVIC_PriorityGroupConfig                 0x08001c41   Thumb Code    10  misc.o(.text)
    NVIC_Init                                0x08001c4b   Thumb Code   100  misc.o(.text)
    NVIC_SetVectorTable                      0x08001caf   Thumb Code    14  misc.o(.text)
    NVIC_SystemLPConfig                      0x08001cbd   Thumb Code    34  misc.o(.text)
    SysTick_CLKSourceConfig                  0x08001cdf   Thumb Code    40  misc.o(.text)
    TIM_DeInit                               0x08001d1d   Thumb Code   424  stm32f10x_tim.o(.text)
    TIM_TimeBaseInit                         0x08001ec5   Thumb Code   122  stm32f10x_tim.o(.text)
    TIM_OC1Init                              0x08001f3f   Thumb Code   132  stm32f10x_tim.o(.text)
    TIM_OC2Init                              0x08001fc3   Thumb Code   154  stm32f10x_tim.o(.text)
    TIM_OC3Init                              0x0800205d   Thumb Code   150  stm32f10x_tim.o(.text)
    TIM_OC4Init                              0x080020f3   Thumb Code   182  stm32f10x_tim.o(.text)
    TIM_SetIC4Prescaler                      0x080021a9   Thumb Code    26  stm32f10x_tim.o(.text)
    TIM_SetIC3Prescaler                      0x08002245   Thumb Code    18  stm32f10x_tim.o(.text)
    TIM_SetIC2Prescaler                      0x080022d1   Thumb Code    26  stm32f10x_tim.o(.text)
    TIM_SetIC1Prescaler                      0x0800236d   Thumb Code    18  stm32f10x_tim.o(.text)
    TIM_ICInit                               0x080023eb   Thumb Code   150  stm32f10x_tim.o(.text)
    TIM_PWMIConfig                           0x08002481   Thumb Code   124  stm32f10x_tim.o(.text)
    TIM_BDTRConfig                           0x080024fd   Thumb Code    32  stm32f10x_tim.o(.text)
    TIM_TimeBaseStructInit                   0x0800251d   Thumb Code    18  stm32f10x_tim.o(.text)
    TIM_OCStructInit                         0x0800252f   Thumb Code    20  stm32f10x_tim.o(.text)
    TIM_ICStructInit                         0x08002543   Thumb Code    18  stm32f10x_tim.o(.text)
    TIM_BDTRStructInit                       0x08002555   Thumb Code    40  stm32f10x_tim.o(.text)
    TIM_Cmd                                  0x0800257d   Thumb Code    24  stm32f10x_tim.o(.text)
    TIM_CtrlPWMOutputs                       0x08002595   Thumb Code    30  stm32f10x_tim.o(.text)
    TIM_ITConfig                             0x080025b3   Thumb Code    18  stm32f10x_tim.o(.text)
    TIM_GenerateEvent                        0x080025c5   Thumb Code     4  stm32f10x_tim.o(.text)
    TIM_DMAConfig                            0x080025c9   Thumb Code    10  stm32f10x_tim.o(.text)
    TIM_DMACmd                               0x080025d3   Thumb Code    18  stm32f10x_tim.o(.text)
    TIM_InternalClockConfig                  0x080025e5   Thumb Code    12  stm32f10x_tim.o(.text)
    TIM_SelectInputTrigger                   0x080025f1   Thumb Code    18  stm32f10x_tim.o(.text)
    TIM_ITRxExternalClockConfig              0x08002603   Thumb Code    24  stm32f10x_tim.o(.text)
    TIM_TIxExternalClockConfig               0x0800261b   Thumb Code    62  stm32f10x_tim.o(.text)
    TIM_ETRConfig                            0x08002659   Thumb Code    28  stm32f10x_tim.o(.text)
    TIM_ETRClockMode1Config                  0x08002675   Thumb Code    54  stm32f10x_tim.o(.text)
    TIM_ETRClockMode2Config                  0x080026ab   Thumb Code    32  stm32f10x_tim.o(.text)
    TIM_PrescalerConfig                      0x080026cb   Thumb Code     6  stm32f10x_tim.o(.text)
    TIM_CounterModeConfig                    0x080026d1   Thumb Code    18  stm32f10x_tim.o(.text)
    TIM_EncoderInterfaceConfig               0x080026e3   Thumb Code    66  stm32f10x_tim.o(.text)
    TIM_ForcedOC1Config                      0x08002725   Thumb Code    18  stm32f10x_tim.o(.text)
    TIM_ForcedOC2Config                      0x08002737   Thumb Code    26  stm32f10x_tim.o(.text)
    TIM_ForcedOC3Config                      0x08002751   Thumb Code    18  stm32f10x_tim.o(.text)
    TIM_ForcedOC4Config                      0x08002763   Thumb Code    26  stm32f10x_tim.o(.text)
    TIM_ARRPreloadConfig                     0x0800277d   Thumb Code    24  stm32f10x_tim.o(.text)
    TIM_SelectCOM                            0x08002795   Thumb Code    24  stm32f10x_tim.o(.text)
    TIM_SelectCCDMA                          0x080027ad   Thumb Code    24  stm32f10x_tim.o(.text)
    TIM_CCPreloadControl                     0x080027c5   Thumb Code    24  stm32f10x_tim.o(.text)
    TIM_OC1PreloadConfig                     0x080027dd   Thumb Code    18  stm32f10x_tim.o(.text)
    TIM_OC2PreloadConfig                     0x080027ef   Thumb Code    26  stm32f10x_tim.o(.text)
    TIM_OC3PreloadConfig                     0x08002809   Thumb Code    18  stm32f10x_tim.o(.text)
    TIM_OC4PreloadConfig                     0x0800281b   Thumb Code    26  stm32f10x_tim.o(.text)
    TIM_OC1FastConfig                        0x08002835   Thumb Code    18  stm32f10x_tim.o(.text)
    TIM_OC2FastConfig                        0x08002847   Thumb Code    26  stm32f10x_tim.o(.text)
    TIM_OC3FastConfig                        0x08002861   Thumb Code    18  stm32f10x_tim.o(.text)
    TIM_OC4FastConfig                        0x08002873   Thumb Code    26  stm32f10x_tim.o(.text)
    TIM_ClearOC1Ref                          0x0800288d   Thumb Code    18  stm32f10x_tim.o(.text)
    TIM_ClearOC2Ref                          0x0800289f   Thumb Code    24  stm32f10x_tim.o(.text)
    TIM_ClearOC3Ref                          0x080028b7   Thumb Code    18  stm32f10x_tim.o(.text)
    TIM_ClearOC4Ref                          0x080028c9   Thumb Code    24  stm32f10x_tim.o(.text)
    TIM_OC1PolarityConfig                    0x080028e1   Thumb Code    18  stm32f10x_tim.o(.text)
    TIM_OC1NPolarityConfig                   0x080028f3   Thumb Code    18  stm32f10x_tim.o(.text)
    TIM_OC2PolarityConfig                    0x08002905   Thumb Code    26  stm32f10x_tim.o(.text)
    TIM_OC2NPolarityConfig                   0x0800291f   Thumb Code    26  stm32f10x_tim.o(.text)
    TIM_OC3PolarityConfig                    0x08002939   Thumb Code    26  stm32f10x_tim.o(.text)
    TIM_OC3NPolarityConfig                   0x08002953   Thumb Code    26  stm32f10x_tim.o(.text)
    TIM_OC4PolarityConfig                    0x0800296d   Thumb Code    26  stm32f10x_tim.o(.text)
    TIM_CCxCmd                               0x08002987   Thumb Code    30  stm32f10x_tim.o(.text)
    TIM_CCxNCmd                              0x080029a5   Thumb Code    30  stm32f10x_tim.o(.text)
    TIM_SelectOCxM                           0x080029c3   Thumb Code    82  stm32f10x_tim.o(.text)
    TIM_UpdateDisableConfig                  0x08002a15   Thumb Code    24  stm32f10x_tim.o(.text)
    TIM_UpdateRequestConfig                  0x08002a2d   Thumb Code    24  stm32f10x_tim.o(.text)
    TIM_SelectHallSensor                     0x08002a45   Thumb Code    24  stm32f10x_tim.o(.text)
    TIM_SelectOnePulseMode                   0x08002a5d   Thumb Code    18  stm32f10x_tim.o(.text)
    TIM_SelectOutputTrigger                  0x08002a6f   Thumb Code    18  stm32f10x_tim.o(.text)
    TIM_SelectSlaveMode                      0x08002a81   Thumb Code    18  stm32f10x_tim.o(.text)
    TIM_SelectMasterSlaveMode                0x08002a93   Thumb Code    18  stm32f10x_tim.o(.text)
    TIM_SetCounter                           0x08002aa5   Thumb Code     4  stm32f10x_tim.o(.text)
    TIM_SetAutoreload                        0x08002aa9   Thumb Code     4  stm32f10x_tim.o(.text)
    TIM_SetCompare1                          0x08002aad   Thumb Code     4  stm32f10x_tim.o(.text)
    TIM_SetCompare2                          0x08002ab1   Thumb Code     4  stm32f10x_tim.o(.text)
    TIM_SetCompare3                          0x08002ab5   Thumb Code     4  stm32f10x_tim.o(.text)
    TIM_SetCompare4                          0x08002ab9   Thumb Code     6  stm32f10x_tim.o(.text)
    TIM_SetClockDivision                     0x08002abf   Thumb Code    18  stm32f10x_tim.o(.text)
    TIM_GetCapture1                          0x08002ad1   Thumb Code     6  stm32f10x_tim.o(.text)
    TIM_GetCapture2                          0x08002ad7   Thumb Code     6  stm32f10x_tim.o(.text)
    TIM_GetCapture3                          0x08002add   Thumb Code     6  stm32f10x_tim.o(.text)
    TIM_GetCapture4                          0x08002ae3   Thumb Code     8  stm32f10x_tim.o(.text)
    TIM_GetCounter                           0x08002aeb   Thumb Code     6  stm32f10x_tim.o(.text)
    TIM_GetPrescaler                         0x08002af1   Thumb Code     6  stm32f10x_tim.o(.text)
    TIM_GetFlagStatus                        0x08002af7   Thumb Code    18  stm32f10x_tim.o(.text)
    TIM_ClearFlag                            0x08002b09   Thumb Code     6  stm32f10x_tim.o(.text)
    TIM_GetITStatus                          0x08002b0f   Thumb Code    34  stm32f10x_tim.o(.text)
    TIM_ClearITPendingBit                    0x08002b31   Thumb Code     6  stm32f10x_tim.o(.text)
    EXTI_DeInit                              0x08002b39   Thumb Code    28  stm32f10x_exti.o(.text)
    EXTI_Init                                0x08002b55   Thumb Code   142  stm32f10x_exti.o(.text)
    EXTI_StructInit                          0x08002be3   Thumb Code    16  stm32f10x_exti.o(.text)
    EXTI_GenerateSWInterrupt                 0x08002bf3   Thumb Code    16  stm32f10x_exti.o(.text)
    EXTI_GetFlagStatus                       0x08002c03   Thumb Code    22  stm32f10x_exti.o(.text)
    EXTI_ClearFlag                           0x08002c19   Thumb Code     8  stm32f10x_exti.o(.text)
    EXTI_GetITStatus                         0x08002c21   Thumb Code    34  stm32f10x_exti.o(.text)
    EXTI_ClearITPendingBit                   0x08002c43   Thumb Code     8  stm32f10x_exti.o(.text)
    __use_no_semihosting                     0x08002c55   Thumb Code     2  use_no_semi_2.o(.text)
    __2sprintf                               0x08002c59   Thumb Code    34  noretval__2sprintf.o(.text)
    __printf                                 0x08002c81   Thumb Code   270  __printf_wp.o(.text)
    __aeabi_memclr4                          0x08002d8f   Thumb Code     0  rt_memclr_w.o(.text)
    __aeabi_memclr8                          0x08002d8f   Thumb Code     0  rt_memclr_w.o(.text)
    __rt_memclr_w                            0x08002d8f   Thumb Code    78  rt_memclr_w.o(.text)
    _memset_w                                0x08002d93   Thumb Code     0  rt_memclr_w.o(.text)
    __use_two_region_memory                  0x08002ddd   Thumb Code     2  heapauxi.o(.text)
    __rt_heap_escrow$2region                 0x08002ddf   Thumb Code     2  heapauxi.o(.text)
    __rt_heap_expand$2region                 0x08002de1   Thumb Code     2  heapauxi.o(.text)
    __I$use$semihosting                      0x08002de3   Thumb Code     0  use_no_semi.o(.text)
    __use_no_semihosting_swi                 0x08002de3   Thumb Code     2  use_no_semi.o(.text)
    __lib_sel_fp_printf                      0x08002de5   Thumb Code     2  _printf_fp_dec.o(.text)
    _printf_fp_dec_real                      0x08002f93   Thumb Code   620  _printf_fp_dec.o(.text)
    _printf_char_common                      0x0800320b   Thumb Code    32  _printf_char_common.o(.text)
    _sputc                                   0x08003231   Thumb Code    10  _sputc.o(.text)
    __rt_locale                              0x0800323d   Thumb Code     8  rt_locale_intlibspace.o(.text)
    _ll_udiv10                               0x08003245   Thumb Code   138  lludiv10.o(.text)
    _printf_fp_infnan                        0x080032d1   Thumb Code   112  _printf_fp_infnan.o(.text)
    _btod_etento                             0x08003351   Thumb Code   216  bigflt0.o(.text)
    __user_libspace                          0x0800342d   Thumb Code     8  libspace.o(.text)
    __user_perproc_libspace                  0x0800342d   Thumb Code     0  libspace.o(.text)
    __user_perthread_libspace                0x0800342d   Thumb Code     0  libspace.o(.text)
    __user_setup_stackheap                   0x08003435   Thumb Code    74  sys_stackheap_outer.o(.text)
    exit                                     0x0800347f   Thumb Code    12  exit.o(.text)
    strcmp                                   0x0800348d   Thumb Code   128  strcmpv7m.o(.text)
    _btod_d2e                                0x0800350d   Thumb Code    62  btod.o(CL$$btod_d2e)
    _d2e_denorm_low                          0x0800354b   Thumb Code    70  btod.o(CL$$btod_d2e_denorm_low)
    _d2e_norm_op1                            0x08003591   Thumb Code    96  btod.o(CL$$btod_d2e_norm_op1)
    __btod_div_common                        0x080035f1   Thumb Code   696  btod.o(CL$$btod_div_common)
    _e2e                                     0x08003929   Thumb Code   198  btod.o(CL$$btod_e2e)
    _btod_ediv                               0x080039ef   Thumb Code    40  btod.o(CL$$btod_ediv)
    _btod_emul                               0x08003a17   Thumb Code    40  btod.o(CL$$btod_emul)
    __btod_mult_common                       0x08003a3f   Thumb Code   580  btod.o(CL$$btod_mult_common)
    __ARM_fpclassify                         0x08003c83   Thumb Code    40  fpclassify.o(i.__ARM_fpclassify)
    _is_digit                                0x08003cab   Thumb Code    14  __printf_wp.o(i._is_digit)
    _get_lc_numeric                          0x08003cb9   Thumb Code    44  lc_numeric_c.o(locale$$code)
    __aeabi_ddiv                             0x08003ce5   Thumb Code     0  ddiv.o(x$fpl$ddiv)
    _ddiv                                    0x08003ce5   Thumb Code   552  ddiv.o(x$fpl$ddiv)
    __aeabi_d2iz                             0x08003f95   Thumb Code     0  dfix.o(x$fpl$dfix)
    _dfix                                    0x08003f95   Thumb Code    94  dfix.o(x$fpl$dfix)
    __aeabi_i2d                              0x08003ff3   Thumb Code     0  dflt_clz.o(x$fpl$dflt)
    _dflt                                    0x08003ff3   Thumb Code    46  dflt_clz.o(x$fpl$dflt)
    __aeabi_dmul                             0x08004021   Thumb Code     0  dmul.o(x$fpl$dmul)
    _dmul                                    0x08004021   Thumb Code   332  dmul.o(x$fpl$dmul)
    __fpl_dnaninf                            0x08004175   Thumb Code   156  dnaninf.o(x$fpl$dnaninf)
    __fpl_dretinf                            0x08004211   Thumb Code    12  dretinf.o(x$fpl$dretinf)
    __aeabi_f2d                              0x0800421d   Thumb Code     0  f2d.o(x$fpl$f2d)
    _f2d                                     0x0800421d   Thumb Code    86  f2d.o(x$fpl$f2d)
    __aeabi_fadd                             0x08004275   Thumb Code     0  faddsub_clz.o(x$fpl$fadd)
    _fadd                                    0x08004275   Thumb Code   196  faddsub_clz.o(x$fpl$fadd)
    __aeabi_fdiv                             0x08004339   Thumb Code     0  fdiv.o(x$fpl$fdiv)
    _fdiv                                    0x08004339   Thumb Code   384  fdiv.o(x$fpl$fdiv)
    __aeabi_f2iz                             0x080044bd   Thumb Code     0  ffix.o(x$fpl$ffix)
    _ffix                                    0x080044bd   Thumb Code    54  ffix.o(x$fpl$ffix)
    __aeabi_i2f                              0x080044f5   Thumb Code     0  fflt_clz.o(x$fpl$fflt)
    _fflt                                    0x080044f5   Thumb Code    48  fflt_clz.o(x$fpl$fflt)
    __aeabi_fmul                             0x08004525   Thumb Code     0  fmul.o(x$fpl$fmul)
    _fmul                                    0x08004525   Thumb Code   258  fmul.o(x$fpl$fmul)
    __fpl_fnaninf                            0x08004627   Thumb Code   140  fnaninf.o(x$fpl$fnaninf)
    __fpl_fretinf                            0x080046b3   Thumb Code    10  fretinf.o(x$fpl$fretinf)
    __aeabi_fsub                             0x080046bd   Thumb Code     0  faddsub_clz.o(x$fpl$fsub)
    _fsub                                    0x080046bd   Thumb Code   234  faddsub_clz.o(x$fpl$fsub)
    _printf_fp_dec                           0x080047a7   Thumb Code     4  printf1.o(x$fpl$printf1)
    F6x8                                     0x080047aa   Data         552  oeld.o(.constdata)
    __I$use$fp                               0x080047aa   Number         0  usenofp.o(x$fpl$usenofp)
    F8X16                                    0x080049d2   Data        1520  oeld.o(.constdata)
    Region$$Table$$Base                      0x08005058   Number         0  anon$$obj.o(Region$$Table)
    Region$$Table$$Limit                     0x08005078   Number         0  anon$$obj.o(Region$$Table)
    SystemCoreClock                          0x20000000   Data           4  system_stm32f10x.o(.data)
    AHBPrescTable                            0x20000004   Data          16  system_stm32f10x.o(.data)
    temperature                              0x20000014   Data           4  ds18b20.o(.data)
    F16x16                                   0x20000018   Data          96  oeld.o(.data)
    kp                                       0x20000078   Data           4  pid.o(.data)
    ki                                       0x2000007c   Data           4  pid.o(.data)
    Temp_Out                                 0x20000080   Data           4  pid.o(.data)
    __stdout                                 0x20000090   Data           4  usart.o(.data)
    USART_RX_STA                             0x20000094   Data           2  usart.o(.data)
    USART_RX_BUF                             0x200000ac   Data         200  usart.o(.bss)
    __libspace_start                         0x20000174   Data          96  libspace.o(.bss)
    __temporary_stack_top$libspace           0x200001d4   Data           0  libspace.o(.bss)



==============================================================================

Memory Map of the image

  Image Entry point : 0x08000131

  Load Region LR_IROM1 (Base: 0x08000000, Size: 0x00005140, Max: 0x00010000, ABSOLUTE)

    Execution Region ER_IROM1 (Base: 0x08000000, Size: 0x00005094, Max: 0x00010000, ABSOLUTE)

    Base Addr    Size         Type   Attr      Idx    E Section Name        Object

    0x08000000   0x00000130   Data   RO          389    RESET               startup_stm32f10x_hd.o
    0x08000130   0x00000008   Code   RO          504  * !!!main             c_w.l(__main.o)
    0x08000138   0x00000034   Code   RO          761    !!!scatter          c_w.l(__scatter.o)
    0x0800016c   0x0000001a   Code   RO          763    !!handler_copy      c_w.l(__scatter_copy.o)
    0x08000186   0x00000002   PAD
    0x08000188   0x0000001c   Code   RO          765    !!handler_zi        c_w.l(__scatter_zi.o)
    0x080001a4   0x00000000   Code   RO          499    .ARM.Collect$$_printf_percent$$00000000  c_w.l(_printf_percent.o)
    0x080001a4   0x00000006   Code   RO          498    .ARM.Collect$$_printf_percent$$00000003  c_w.l(_printf_f.o)
    0x080001aa   0x00000004   Code   RO          557    .ARM.Collect$$_printf_percent$$00000017  c_w.l(_printf_percent_end.o)
    0x080001ae   0x00000002   Code   RO          639    .ARM.Collect$$libinit$$00000000  c_w.l(libinit.o)
    0x080001b0   0x00000000   Code   RO          641    .ARM.Collect$$libinit$$00000002  c_w.l(libinit2.o)
    0x080001b0   0x00000000   Code   RO          643    .ARM.Collect$$libinit$$00000004  c_w.l(libinit2.o)
    0x080001b0   0x00000000   Code   RO          646    .ARM.Collect$$libinit$$0000000A  c_w.l(libinit2.o)
    0x080001b0   0x00000000   Code   RO          648    .ARM.Collect$$libinit$$0000000C  c_w.l(libinit2.o)
    0x080001b0   0x00000000   Code   RO          650    .ARM.Collect$$libinit$$0000000E  c_w.l(libinit2.o)
    0x080001b0   0x00000006   Code   RO          651    .ARM.Collect$$libinit$$0000000F  c_w.l(libinit2.o)
    0x080001b6   0x00000000   Code   RO          653    .ARM.Collect$$libinit$$00000011  c_w.l(libinit2.o)
    0x080001b6   0x00000000   Code   RO          655    .ARM.Collect$$libinit$$00000013  c_w.l(libinit2.o)
    0x080001b6   0x00000000   Code   RO          657    .ARM.Collect$$libinit$$00000015  c_w.l(libinit2.o)
    0x080001b6   0x0000000a   Code   RO          658    .ARM.Collect$$libinit$$00000016  c_w.l(libinit2.o)
    0x080001c0   0x00000000   Code   RO          659    .ARM.Collect$$libinit$$00000017  c_w.l(libinit2.o)
    0x080001c0   0x00000000   Code   RO          661    .ARM.Collect$$libinit$$00000019  c_w.l(libinit2.o)
    0x080001c0   0x00000000   Code   RO          663    .ARM.Collect$$libinit$$0000001B  c_w.l(libinit2.o)
    0x080001c0   0x00000000   Code   RO          665    .ARM.Collect$$libinit$$0000001D  c_w.l(libinit2.o)
    0x080001c0   0x00000000   Code   RO          667    .ARM.Collect$$libinit$$0000001F  c_w.l(libinit2.o)
    0x080001c0   0x00000000   Code   RO          669    .ARM.Collect$$libinit$$00000021  c_w.l(libinit2.o)
    0x080001c0   0x00000000   Code   RO          671    .ARM.Collect$$libinit$$00000023  c_w.l(libinit2.o)
    0x080001c0   0x00000000   Code   RO          673    .ARM.Collect$$libinit$$00000025  c_w.l(libinit2.o)
    0x080001c0   0x00000000   Code   RO          677    .ARM.Collect$$libinit$$0000002C  c_w.l(libinit2.o)
    0x080001c0   0x00000000   Code   RO          679    .ARM.Collect$$libinit$$0000002E  c_w.l(libinit2.o)
    0x080001c0   0x00000000   Code   RO          681    .ARM.Collect$$libinit$$00000030  c_w.l(libinit2.o)
    0x080001c0   0x00000000   Code   RO          683    .ARM.Collect$$libinit$$00000032  c_w.l(libinit2.o)
    0x080001c0   0x00000002   Code   RO          684    .ARM.Collect$$libinit$$00000033  c_w.l(libinit2.o)
    0x080001c2   0x00000002   Code   RO          712    .ARM.Collect$$libshutdown$$00000000  c_w.l(libshutdown.o)
    0x080001c4   0x00000000   Code   RO          722    .ARM.Collect$$libshutdown$$00000003  c_w.l(libshutdown2.o)
    0x080001c4   0x00000000   Code   RO          725    .ARM.Collect$$libshutdown$$00000006  c_w.l(libshutdown2.o)
    0x080001c4   0x00000000   Code   RO          728    .ARM.Collect$$libshutdown$$00000009  c_w.l(libshutdown2.o)
    0x080001c4   0x00000000   Code   RO          730    .ARM.Collect$$libshutdown$$0000000B  c_w.l(libshutdown2.o)
    0x080001c4   0x00000000   Code   RO          733    .ARM.Collect$$libshutdown$$0000000E  c_w.l(libshutdown2.o)
    0x080001c4   0x00000002   Code   RO          734    .ARM.Collect$$libshutdown$$0000000F  c_w.l(libshutdown2.o)
    0x080001c6   0x00000000   Code   RO          550    .ARM.Collect$$rtentry$$00000000  c_w.l(__rtentry.o)
    0x080001c6   0x00000000   Code   RO          568    .ARM.Collect$$rtentry$$00000002  c_w.l(__rtentry2.o)
    0x080001c6   0x00000006   Code   RO          580    .ARM.Collect$$rtentry$$00000004  c_w.l(__rtentry4.o)
    0x080001cc   0x00000000   Code   RO          570    .ARM.Collect$$rtentry$$00000009  c_w.l(__rtentry2.o)
    0x080001cc   0x00000004   Code   RO          571    .ARM.Collect$$rtentry$$0000000A  c_w.l(__rtentry2.o)
    0x080001d0   0x00000000   Code   RO          573    .ARM.Collect$$rtentry$$0000000C  c_w.l(__rtentry2.o)
    0x080001d0   0x00000008   Code   RO          574    .ARM.Collect$$rtentry$$0000000D  c_w.l(__rtentry2.o)
    0x080001d8   0x00000002   Code   RO          685    .ARM.Collect$$rtexit$$00000000  c_w.l(rtexit.o)
    0x080001da   0x00000000   Code   RO          692    .ARM.Collect$$rtexit$$00000002  c_w.l(rtexit2.o)
    0x080001da   0x00000004   Code   RO          693    .ARM.Collect$$rtexit$$00000003  c_w.l(rtexit2.o)
    0x080001de   0x00000006   Code   RO          694    .ARM.Collect$$rtexit$$00000004  c_w.l(rtexit2.o)
    0x080001e4   0x000001e0   Code   RO            1    .text               main.o
    0x080003c4   0x0000001a   Code   RO          135    .text               stm32f10x_it.o
    0x080003de   0x00000002   PAD
    0x080003e0   0x000001e0   Code   RO          176    .text               system_stm32f10x.o
    0x080005c0   0x00000034   Code   RO          194    .text               led.o
    0x080005f4   0x0000026c   Code   RO          206    .text               ds18b20.o
    0x08000860   0x0000009c   Code   RO          224    .text               exti.o
    0x080008fc   0x0000039c   Code   RO          240    .text               oeld.o
    0x08000c98   0x00000094   Code   RO          271    .text               timer.o
    0x08000d2c   0x000000b0   Code   RO          289    .text               pid.o
    0x08000ddc   0x00000108   Code   RO          307    .text               key.o
    0x08000ee4   0x000000d4   Code   RO          323    .text               delay.o
    0x08000fb8   0x00000140   Code   RO          354    .text               usart.o
    0x080010f8   0x00000040   Code   RO          390    .text               startup_stm32f10x_hd.o
    0x08001138   0x0000035c   Code   RO          394    .text               stm32f10x_gpio.o
    0x08001494   0x000003a4   Code   RO          406    .text               stm32f10x_rcc.o
    0x08001838   0x00000408   Code   RO          420    .text               stm32f10x_usart.o
    0x08001c40   0x000000dc   Code   RO          432    .text               misc.o
    0x08001d1c   0x00000e1a   Code   RO          444    .text               stm32f10x_tim.o
    0x08002b36   0x00000002   PAD
    0x08002b38   0x0000011c   Code   RO          456    .text               stm32f10x_exti.o
    0x08002c54   0x00000002   Code   RO          470    .text               c_w.l(use_no_semi_2.o)
    0x08002c56   0x00000002   PAD
    0x08002c58   0x00000028   Code   RO          474    .text               c_w.l(noretval__2sprintf.o)
    0x08002c80   0x0000010e   Code   RO          486    .text               c_w.l(__printf_wp.o)
    0x08002d8e   0x0000004e   Code   RO          500    .text               c_w.l(rt_memclr_w.o)
    0x08002ddc   0x00000006   Code   RO          502    .text               c_w.l(heapauxi.o)
    0x08002de2   0x00000002   Code   RO          548    .text               c_w.l(use_no_semi.o)
    0x08002de4   0x0000041a   Code   RO          551    .text               c_w.l(_printf_fp_dec.o)
    0x080031fe   0x00000002   PAD
    0x08003200   0x00000030   Code   RO          553    .text               c_w.l(_printf_char_common.o)
    0x08003230   0x0000000a   Code   RO          555    .text               c_w.l(_sputc.o)
    0x0800323a   0x00000002   PAD
    0x0800323c   0x00000008   Code   RO          585    .text               c_w.l(rt_locale_intlibspace.o)
    0x08003244   0x0000008a   Code   RO          587    .text               c_w.l(lludiv10.o)
    0x080032ce   0x00000002   PAD
    0x080032d0   0x00000080   Code   RO          589    .text               c_w.l(_printf_fp_infnan.o)
    0x08003350   0x000000dc   Code   RO          593    .text               c_w.l(bigflt0.o)
    0x0800342c   0x00000008   Code   RO          625    .text               c_w.l(libspace.o)
    0x08003434   0x0000004a   Code   RO          628    .text               c_w.l(sys_stackheap_outer.o)
    0x0800347e   0x0000000c   Code   RO          630    .text               c_w.l(exit.o)
    0x0800348a   0x00000002   PAD
    0x0800348c   0x00000080   Code   RO          632    .text               c_w.l(strcmpv7m.o)
    0x0800350c   0x0000003e   Code   RO          596    CL$$btod_d2e        c_w.l(btod.o)
    0x0800354a   0x00000046   Code   RO          598    CL$$btod_d2e_denorm_low  c_w.l(btod.o)
    0x08003590   0x00000060   Code   RO          597    CL$$btod_d2e_norm_op1  c_w.l(btod.o)
    0x080035f0   0x00000338   Code   RO          606    CL$$btod_div_common  c_w.l(btod.o)
    0x08003928   0x000000c6   Code   RO          603    CL$$btod_e2e        c_w.l(btod.o)
    0x080039ee   0x00000028   Code   RO          600    CL$$btod_ediv       c_w.l(btod.o)
    0x08003a16   0x00000028   Code   RO          599    CL$$btod_emul       c_w.l(btod.o)
    0x08003a3e   0x00000244   Code   RO          605    CL$$btod_mult_common  c_w.l(btod.o)
    0x08003c82   0x00000028   Code   RO          623    i.__ARM_fpclassify  m_ws.l(fpclassify.o)
    0x08003caa   0x0000000e   Code   RO          488    i._is_digit         c_w.l(__printf_wp.o)
    0x08003cb8   0x0000002c   Code   RO          619    locale$$code        c_w.l(lc_numeric_c.o)
    0x08003ce4   0x000002b0   Code   RO          507    x$fpl$ddiv          fz_ws.l(ddiv.o)
    0x08003f94   0x0000005e   Code   RO          510    x$fpl$dfix          fz_ws.l(dfix.o)
    0x08003ff2   0x0000002e   Code   RO          515    x$fpl$dflt          fz_ws.l(dflt_clz.o)
    0x08004020   0x00000154   Code   RO          520    x$fpl$dmul          fz_ws.l(dmul.o)
    0x08004174   0x0000009c   Code   RO          558    x$fpl$dnaninf       fz_ws.l(dnaninf.o)
    0x08004210   0x0000000c   Code   RO          560    x$fpl$dretinf       fz_ws.l(dretinf.o)
    0x0800421c   0x00000056   Code   RO          522    x$fpl$f2d           fz_ws.l(f2d.o)
    0x08004272   0x00000002   PAD
    0x08004274   0x000000c4   Code   RO          524    x$fpl$fadd          fz_ws.l(faddsub_clz.o)
    0x08004338   0x00000184   Code   RO          531    x$fpl$fdiv          fz_ws.l(fdiv.o)
    0x080044bc   0x00000036   Code   RO          534    x$fpl$ffix          fz_ws.l(ffix.o)
    0x080044f2   0x00000002   PAD
    0x080044f4   0x00000030   Code   RO          539    x$fpl$fflt          fz_ws.l(fflt_clz.o)
    0x08004524   0x00000102   Code   RO          544    x$fpl$fmul          fz_ws.l(fmul.o)
    0x08004626   0x0000008c   Code   RO          562    x$fpl$fnaninf       fz_ws.l(fnaninf.o)
    0x080046b2   0x0000000a   Code   RO          564    x$fpl$fretinf       fz_ws.l(fretinf.o)
    0x080046bc   0x000000ea   Code   RO          526    x$fpl$fsub          fz_ws.l(faddsub_clz.o)
    0x080047a6   0x00000004   Code   RO          546    x$fpl$printf1       fz_ws.l(printf1.o)
    0x080047aa   0x00000000   Code   RO          566    x$fpl$usenofp       fz_ws.l(usenofp.o)
    0x080047aa   0x00000818   Data   RO          241    .constdata          oeld.o
    0x08004fc2   0x00000002   PAD
    0x08004fc4   0x00000094   Data   RO          594    .constdata          c_w.l(bigflt0.o)
    0x08005058   0x00000020   Data   RO          759    Region$$Table       anon$$obj.o
    0x08005078   0x0000001c   Data   RO          618    locale$$data        c_w.l(lc_numeric_c.o)


    Execution Region RW_IRAM1 (Base: 0x20000000, Size: 0x000007d8, Max: 0x00005000, ABSOLUTE)

    Base Addr    Size         Type   Attr      Idx    E Section Name        Object

    0x20000000   0x00000014   Data   RW          177    .data               system_stm32f10x.o
    0x20000014   0x00000004   Data   RW          207    .data               ds18b20.o
    0x20000018   0x00000060   Data   RW          242    .data               oeld.o
    0x20000078   0x00000010   Data   RW          290    .data               pid.o
    0x20000088   0x00000001   Data   RW          308    .data               key.o
    0x20000089   0x00000001   PAD
    0x2000008a   0x00000004   Data   RW          324    .data               delay.o
    0x2000008e   0x00000002   PAD
    0x20000090   0x00000006   Data   RW          356    .data               usart.o
    0x20000096   0x00000014   Data   RW          407    .data               stm32f10x_rcc.o
    0x200000aa   0x00000002   PAD
    0x200000ac   0x000000c8   Zero   RW          355    .bss                usart.o
    0x20000174   0x00000060   Zero   RW          626    .bss                c_w.l(libspace.o)
    0x200001d4   0x00000004   PAD
    0x200001d8   0x00000200   Zero   RW          388    HEAP                startup_stm32f10x_hd.o
    0x200003d8   0x00000400   Zero   RW          387    STACK               startup_stm32f10x_hd.o


==============================================================================

Image component sizes


      Code (inc. data)   RO Data    RW Data    ZI Data      Debug   Object Name

       212         18          0          4          0       1115   delay.o
       620         16          0          4          0       2544   ds18b20.o
       156         16          0          0          0        770   exti.o
       264         12          0          1          0        876   key.o
        52          6          0          0          0        531   led.o
       480        114          0          0          0     254655   main.o
       220         22          0          0          0       1893   misc.o
       924         18       2072         96          0       3947   oeld.o
       176         26          0         16          0       1108   pid.o
        64         26        304          0       1536        816   startup_stm32f10x_hd.o
       284         10          0          0          0       2327   stm32f10x_exti.o
       860         38          0          0          0       5737   stm32f10x_gpio.o
        26          0          0          0          0       1226   stm32f10x_it.o
       932         36          0         20          0       8956   stm32f10x_rcc.o
      3610         88          0          0          0      22224   stm32f10x_tim.o
      1032         22          0          0          0       8464   stm32f10x_usart.o
         0          0          0          0          0         32   sys.o
       480         38          0         20          0       1875   system_stm32f10x.o
       148         10          0          0          0        888   timer.o
       320         16          0          6        200       3290   usart.o

    ----------------------------------------------------------------------
     10864        532       2410        172       1736     323274   Object Totals
         0          0         32          0          0          0   (incl. Generated)
         4          0          2          5          0          0   (incl. Padding)

    ----------------------------------------------------------------------

      Code (inc. data)   RO Data    RW Data    ZI Data      Debug   Library Member Name

         8          0          0          0          0         68   __main.o
       284          0          0          0          0        156   __printf_wp.o
         0          0          0          0          0          0   __rtentry.o
        12          0          0          0          0          0   __rtentry2.o
         6          0          0          0          0          0   __rtentry4.o
        52          8          0          0          0          0   __scatter.o
        26          0          0          0          0          0   __scatter_copy.o
        28          0          0          0          0          0   __scatter_zi.o
        48          6          0          0          0         96   _printf_char_common.o
         6          0          0          0          0          0   _printf_f.o
      1050          0          0          0          0        216   _printf_fp_dec.o
       128         16          0          0          0         84   _printf_fp_infnan.o
         0          0          0          0          0          0   _printf_percent.o
         4          0          0          0          0          0   _printf_percent_end.o
        10          0          0          0          0         68   _sputc.o
       220          4        148          0          0         96   bigflt0.o
      1910        128          0          0          0        672   btod.o
        12          0          0          0          0         72   exit.o
         6          0          0          0          0        152   heapauxi.o
        44         10         28          0          0         76   lc_numeric_c.o
         2          0          0          0          0          0   libinit.o
        18          0          0          0          0          0   libinit2.o
         2          0          0          0          0          0   libshutdown.o
         2          0          0          0          0          0   libshutdown2.o
         8          4          0          0         96         68   libspace.o
       138          0          0          0          0         80   lludiv10.o
        40          6          0          0          0         84   noretval__2sprintf.o
         8          4          0          0          0         68   rt_locale_intlibspace.o
        78          0          0          0          0         80   rt_memclr_w.o
         2          0          0          0          0          0   rtexit.o
        10          0          0          0          0          0   rtexit2.o
       128          0          0          0          0         68   strcmpv7m.o
        74          0          0          0          0         80   sys_stackheap_outer.o
         2          0          0          0          0         68   use_no_semi.o
         2          0          0          0          0         68   use_no_semi_2.o
       688        140          0          0          0        208   ddiv.o
        94          4          0          0          0         92   dfix.o
        46          0          0          0          0         68   dflt_clz.o
       340         12          0          0          0        104   dmul.o
       156          4          0          0          0         92   dnaninf.o
        12          0          0          0          0         68   dretinf.o
        86          4          0          0          0         84   f2d.o
       430          8          0          0          0        168   faddsub_clz.o
       388         76          0          0          0         96   fdiv.o
        54          4          0          0          0         84   ffix.o
        48          0          0          0          0         68   fflt_clz.o
       258          4          0          0          0         84   fmul.o
       140          4          0          0          0         84   fnaninf.o
        10          0          0          0          0         68   fretinf.o
         4          0          0          0          0         68   printf1.o
         0          0          0          0          0          0   usenofp.o
        40          0          0          0          0         68   fpclassify.o

    ----------------------------------------------------------------------
      7178        446        176          0        100       3924   Library Totals
        16          0          0          0          4          0   (incl. Padding)

    ----------------------------------------------------------------------

      Code (inc. data)   RO Data    RW Data    ZI Data      Debug   Library Name

      4368        186        176          0         96       2420   c_w.l
      2754        260          0          0          0       1436   fz_ws.l
        40          0          0          0          0         68   m_ws.l

    ----------------------------------------------------------------------
      7178        446        176          0        100       3924   Library Totals

    ----------------------------------------------------------------------

==============================================================================


      Code (inc. data)   RO Data    RW Data    ZI Data      Debug   

     18042        978       2586        172       1836     323658   Grand Totals
     18042        978       2586        172       1836     323658   ELF Image Totals
     18042        978       2586        172          0          0   ROM Totals

==============================================================================

    Total RO  Size (Code + RO Data)                20628 (  20.14kB)
    Total RW  Size (RW Data + ZI Data)              2008 (   1.96kB)
    Total ROM Size (Code + RO Data + RW Data)      20800 (  20.31kB)

==============================================================================

